ARM Linker, 5.03 [Build 76] [MDK-ARM Lite]

==============================================================================

Section Cross References

    main.o(.text) refers to assert.o(i.mbed_assert_internal) for mbed_assert_internal
    main.o(.text) refers to main.o(i._ZN4mbed10DigitalOutaSEi) for mbed::DigitalOut::operator =(int)
    main.o(.text) refers to main.o(i._ZN4mbed6PwmOutaSEf) for mbed::PwmOut::operator =(float)
    main.o(.text) refers to fadd.o(.text) for __aeabi_fsub
    main.o(.text) refers to cfcmple.o(.text) for __aeabi_cfcmple
    main.o(.text) refers to cfrcmple.o(.text) for __aeabi_cfrcmple
    main.o(.text) refers to fflti.o(.text) for __aeabi_i2f
    main.o(.text) refers to fdiv.o(.text) for __aeabi_fdiv
    main.o(.text) refers to f2d.o(.text) for __aeabi_f2d
    main.o(.text) refers to dmul.o(.text) for __aeabi_dmul
    main.o(.text) refers to d2f.o(.text) for __aeabi_d2f
    main.o(.text) refers to fmul.o(.text) for __aeabi_fmul
    main.o(.text) refers to cdcmple.o(.text) for __aeabi_cdcmple
    main.o(.text) refers to cdrcmple.o(.text) for __aeabi_cdrcmple
    main.o(.text) refers to main.o(i._ZN4mbed9DigitalIncviEv) for mbed::DigitalIn::operator int()
    main.o(.text) refers to SerialBase.o(i._ZN4mbed10SerialBase4baudEi) for mbed::SerialBase::baud(int)
    main.o(.text) refers to main.o(i._ZN4mbed6PwmOut9period_msEi) for mbed::PwmOut::period_ms(int)
    main.o(.text) refers to InterruptIn.o(i._ZN4mbed11InterruptIn4fallEPFvvE) for mbed::InterruptIn::fall(void(*)())
    main.o(.text) refers to main.o(t._ZN4mbed19FunctionPointerArg1IvvE6attachEPFvvE) for mbed::FunctionPointerArg1<void, void>::attach(void(*)())
    main.o(.text) refers to Ticker.o(i._ZN4mbed6Ticker5setupEj) for mbed::Ticker::setup(unsigned)
    main.o(.text) refers to wait_api.o(i.wait) for wait
    main.o(.text) refers to Timer.o(i._ZN4mbed5Timer5startEv) for mbed::Timer::start()
    main.o(.text) refers to Timer.o(i._ZN4mbed5TimercvfEv) for mbed::Timer::operator float()
    main.o(.text) refers to Timer.o(i._ZN4mbed5Timer4stopEv) for mbed::Timer::stop()
    main.o(.text) refers to Stream.o(i._ZN4mbed6Stream6printfEPKcz) for mbed::Stream::printf(const char*, ...)
    main.o(.text) refers to wait_api.o(i.wait_ms) for wait_ms
    main.o(.text) refers to main.o(i._ZN4mbed10DigitalOutC1E7PinName) for mbed::DigitalOut::DigitalOut(PinName)
    main.o(.text) refers to main.o(i._ZN4mbed9DigitalInC1E7PinName) for mbed::DigitalIn::DigitalIn(PinName)
    main.o(.text) refers to InterruptIn.o(i._ZN4mbed11InterruptInC1E7PinName) for mbed::InterruptIn::InterruptIn(PinName)
    main.o(.text) refers to aeabi_atexit.o(i.__aeabi_atexit) for __aeabi_atexit
    main.o(.text) refers to main.o(i._ZN4mbed6PwmOutC1E7PinName) for mbed::PwmOut::PwmOut(PinName)
    main.o(.text) refers to Serial.o(i._ZN4mbed6SerialC1E7PinNameS1_PKc) for mbed::Serial::Serial(PinName, PinName, const char*)
    main.o(.text) refers to main.o(.constdata) for .constdata
    main.o(.text) refers to main.o(.bss) for RM_En
    main.o(.text) refers to main.o(.data) for Error
    main.o(.text) refers to InterruptIn.o(i._ZN4mbed11InterruptInD1Ev) for mbed::InterruptIn::~InterruptIn()
    main.o(.text) refers to Serial.o(i._ZN4mbed6SerialD1Ev) for mbed::Serial::~Serial()
    main.o(.text) refers to TimerEvent.o(i._ZN4mbed10TimerEventC2Ev) for mbed::TimerEvent::TimerEvent__sub_object()
    main.o(.text) refers to Timer.o(i._ZN4mbed5TimerC1Ev) for mbed::Timer::Timer()
    main.o(.text) refers to Ticker.o(.constdata__ZTVN4mbed6TickerE) for vtable for mbed::Ticker
    main.o(.text) refers to Ticker.o(i._ZN4mbed6TickerD1Ev) for mbed::Ticker::~Ticker()
    main.o(.ARM.exidx) refers to main.o(.text) for .text
    main.o(.init_array) refers to main.o(.text) for __sti___8_main_cpp
    main.o(.init_array) refers to cpp_init.o(.text) for __cpp_initialize__aeabi_
    myfunctions.o(.text) refers to assert.o(i.mbed_assert_internal) for mbed_assert_internal
    myfunctions.o(.text) refers to Ticker.o(i._ZN4mbed6Ticker6detachEv) for mbed::Ticker::detach()
    myfunctions.o(.text) refers to myfunctions.o(i._ZN4mbed6Ticker9attach_usEPFvvEj) for mbed::Ticker::attach_us(void(*)(), unsigned)
    myfunctions.o(.text) refers to myfunctions.o(i._ZN4mbed6TickerC1Ev) for mbed::Ticker::Ticker()
    myfunctions.o(.text) refers to aeabi_atexit.o(i.__aeabi_atexit) for __aeabi_atexit
    myfunctions.o(.text) refers to main.o(.bss) for buzzer
    myfunctions.o(.text) refers to myfunctions.o(.constdata) for .constdata
    myfunctions.o(.text) refers to myfunctions.o(.bss) for buzzerTone
    myfunctions.o(.text) refers to Timeout.o(.constdata__ZTVN4mbed7TimeoutE) for vtable for mbed::Timeout
    myfunctions.o(.text) refers to Timeout.o(i._ZN4mbed7TimeoutD1Ev) for mbed::Timeout::~Timeout()
    myfunctions.o(.text) refers to Ticker.o(i._ZN4mbed6TickerD1Ev) for mbed::Ticker::~Ticker()
    myfunctions.o(.ARM.exidx) refers to myfunctions.o(.text) for .text
[...]
    i.serial_irq_handler                     0x08004d3c   Section        0  serial_api.o(i.serial_irq_handler)
    i.serial_putc                            0x08004d54   Section        0  serial_api.o(i.serial_putc)
    i.set_compare                            0x08004d80   Section        0  us_ticker.o(i.set_compare)
    i.ticker_insert_event                    0x08004d9c   Section        0  ticker_api.o(i.ticker_insert_event)
    i.ticker_irq_handler                     0x08004dda   Section        0  ticker_api.o(i.ticker_irq_handler)
    i.ticker_read                            0x08004e28   Section        0  ticker_api.o(i.ticker_read)
    i.ticker_remove_event                    0x08004e2e   Section        0  ticker_api.o(i.ticker_remove_event)
    i.ticker_set_handler                     0x08004e6a   Section        0  ticker_api.o(i.ticker_set_handler)
    i.timer_irq_handler                      0x08004e7c   Section        0  hal_tick.o(i.timer_irq_handler)
    i.us_ticker_clear_interrupt              0x08004f38   Section        0  us_ticker.o(i.us_ticker_clear_interrupt)
    i.us_ticker_disable_interrupt            0x08004f58   Section        0  us_ticker.o(i.us_ticker_disable_interrupt)
    i.us_ticker_init                         0x08004f70   Section        0  us_ticker.o(i.us_ticker_init)
    i.us_ticker_irq_handler                  0x08004f88   Section        0  us_ticker_api.o(i.us_ticker_irq_handler)
    i.us_ticker_read                         0x08004f94   Section        0  us_ticker.o(i.us_ticker_read)
    i.us_ticker_set_interrupt                0x08004fcc   Section        0  us_ticker.o(i.us_ticker_set_interrupt)
    i.wait                                   0x08005064   Section        0  wait_api.o(i.wait)
    i.wait_ms                                0x08005088   Section        0  wait_api.o(i.wait_ms)
    t._ZN4mbed19FunctionPointerArg1IvvE6attachEPFvvE 0x080050a4   Section        0  main.o(t._ZN4mbed19FunctionPointerArg1IvvE6attachEPFvvE)
    .constdata                               0x080050ac   Section       68  main.o(.constdata)
    .constdata                               0x080050f0   Section       66  myfunctions.o(.constdata)
    .constdata                               0x08005132   Section       16  system_stm32f1xx.o(.constdata)
    .constdata                               0x08005142   Section       16  stm32f1xx_hal_rcc.o(.constdata)
    .constdata                               0x08005154   Section      104  serial_api.o(.constdata)
    .constdata                               0x080051bc   Section      134  gpio.o(.constdata)
    .constdata                               0x08005244   Section       20  us_ticker_api.o(.constdata)
    us_interface                             0x08005244   Data          20  us_ticker_api.o(.constdata)
    .constdata                               0x08005258   Section        8  us_ticker_api.o(.constdata)
    us_data                                  0x08005258   Data           8  us_ticker_api.o(.constdata)
    .constdata                               0x08005260   Section      124  gpio_api.o(.constdata)
    .constdata                               0x080052dc   Section      300  PeripheralPins.o(.constdata)
    .constdata                               0x08005408   Section       72  PeripheralPins.o(.constdata)
    .constdata                               0x08005450   Section       72  PeripheralPins.o(.constdata)
    .constdata                               0x08005498   Section      188  pinmap.o(.constdata)
    gpio_mode                                0x08005498   Data          52  pinmap.o(.constdata)
    .constdata                               0x08005554   Section       64  ctype_c.o(.constdata)
    .constdata__ZTVN4mbed10FileHandleE       0x08005594   Section       44  retarget.o(.constdata__ZTVN4mbed10FileHandleE)
    .constdata__ZTVN4mbed10SerialBaseE       0x080055c0   Section       16  SerialBase.o(.constdata__ZTVN4mbed10SerialBaseE)
    .constdata__ZTVN4mbed10TimerEventE       0x080055d0   Section       20  TimerEvent.o(.constdata__ZTVN4mbed10TimerEventE)
    .constdata__ZTVN4mbed11InterruptInE      0x080055e4   Section       16  InterruptIn.o(.constdata__ZTVN4mbed11InterruptInE)
    .constdata__ZTVN4mbed6SerialE            0x080055f4   Section       92  Serial.o(.constdata__ZTVN4mbed6SerialE)
    .constdata__ZTVN4mbed6StreamE            0x08005650   Section       68  Stream.o(.constdata__ZTVN4mbed6StreamE)
    .constdata__ZTVN4mbed6TickerE            0x08005694   Section       20  Ticker.o(.constdata__ZTVN4mbed6TickerE)
    .constdata__ZTVN4mbed7TimeoutE           0x080056a8   Section       20  Timeout.o(.constdata__ZTVN4mbed7TimeoutE)
    .constdata__ZTVN4mbed8FileBaseE          0x080056bc   Section       16  FileBase.o(.constdata__ZTVN4mbed8FileBaseE)
    .constdata__ZTVN4mbed8FileLikeE          0x080056cc   Section       60  FileLike.o(.constdata__ZTVN4mbed8FileLikeE)
    .init_array                              0x08005728   Section        4  main.o(.init_array)
    .init_array                              0x0800572c   Section        4  myfunctions.o(.init_array)
    .data                                    0x200000ec   Section       48  main.o(.data)
    .data                                    0x2000011c   Section        4  retarget.o(.data)
    n                                        0x2000011c   Data           4  retarget.o(.data)
    .data                                    0x20000120   Section        4  system_stm32f1xx.o(.data)
    .data                                    0x20000124   Section        4  hal_tick.o(.data)
    .data                                    0x20000128   Section        4  stm32f1xx_hal.o(.data)
    uwTick                                   0x20000128   Data           4  stm32f1xx_hal.o(.data)
    .data                                    0x2000012c   Section        8  serial_api.o(.data)
    irq_handler                              0x20000130   Data           4  serial_api.o(.data)
    .data                                    0x20000134   Section       16  us_ticker.o(.data)
    us_ticker_inited                         0x20000138   Data           4  us_ticker.o(.data)
    .data                                    0x20000144   Section        8  us_ticker_api.o(.data)
    events                                   0x20000144   Data           8  us_ticker_api.o(.data)
    .data                                    0x2000014c   Section       68  gpio_irq_api.o(.data)
    irq_handler                              0x2000014c   Data           4  gpio_irq_api.o(.data)
    pin_base_nr                              0x20000150   Data          64  gpio_irq_api.o(.data)
    .data                                    0x20000190   Section        4  FileBase.o(.data)
    .data                                    0x20000194   Section        4  cpp_dtor.o(.data)
    ddtor_pointer                            0x20000194   Data           4  cpp_dtor.o(.data)
    .data                                    0x20000198   Section        4  mvars.o(.data)
    .data                                    0x2000019c   Section        4  mvars.o(.data)
    .bss                                     0x200001a0   Section     2552  main.o(.bss)
    .bss                                     0x20000b98   Section       96  myfunctions.o(.bss)
    .bss                                     0x20000bf8   Section       64  retarget.o(.bss)
    filehandles                              0x20000bf8   Data          64  retarget.o(.bss)
    .bss                                     0x20000c38   Section       60  hal_tick.o(.bss)
    .bss                                     0x20000c74   Section       60  pwmout_api.o(.bss)
    TimHandle                                0x20000c74   Data          60  pwmout_api.o(.bss)
    .bss                                     0x20000cb0   Section      104  serial_api.o(.bss)
    serial_irq_ids                           0x20000cb0   Data          12  serial_api.o(.bss)
    .bss                                     0x20000d18   Section       60  us_ticker.o(.bss)
    TimMasterHandle                          0x20000d18   Data          60  us_ticker.o(.bss)
    .bss                                     0x20000d54   Section      532  gpio_irq_api.o(.bss)
    channels                                 0x20000d54   Data         532  gpio_irq_api.o(.bss)
    .bss                                     0x20000f68   Section       20  stdout_f.o(.bss)
    .bss                                     0x20000f7c   Section       20  stderr_f.o(.bss)
    HEAP                                     0x20000f90   Section     1024  startup_stm32f103xb.o(HEAP)

    Global Symbols

    Symbol Name                              Value     Ov Type        Size  Object(Section)

    BuildAttributes$$THM_ISAv4$P$D$K$B$S$PE$A:L22UL41UL21$X:L11$S22US41US21$IEEE1$IW$USESV6$~STKCKD$USESV7$~SHL$OTIME$ROPI$EBA8$UX$MICROLIB$REQ8$PRES8$EABIv2 0x00000000   Number         0  anon$$obj.o ABSOLUTE
    __ARM_use_no_argv                        0x00000000   Number         0  main.o ABSOLUTE
    _printf_a                                0x00000000   Number         0  stubs.o ABSOLUTE
    _printf_c                                0x00000000   Number         0  stubs.o ABSOLUTE
    _printf_charcount                        0x00000000   Number         0  stubs.o ABSOLUTE
    _printf_d                                0x00000000   Number         0  stubs.o ABSOLUTE
    _printf_e                                0x00000000   Number         0  stubs.o ABSOLUTE
    _printf_f                                0x00000000   Number         0  stubs.o ABSOLUTE
    _printf_flags                            0x00000000   Number         0  stubs.o ABSOLUTE
    _printf_fp_dec                           0x00000000   Number         0  stubs.o ABSOLUTE
    _printf_fp_hex                           0x00000000   Number         0  stubs.o ABSOLUTE
    _printf_g                                0x00000000   Number         0  stubs.o ABSOLUTE
    _printf_i                                0x00000000   Number         0  stubs.o ABSOLUTE
    _printf_int_dec                          0x00000000   Number         0  stubs.o ABSOLUTE
    _printf_l                                0x00000000   Number         0  stubs.o ABSOLUTE
    _printf_lc                               0x00000000   Number         0  stubs.o ABSOLUTE
    _printf_ll                               0x00000000   Number         0  stubs.o ABSOLUTE
    _printf_lld                              0x00000000   Number         0  stubs.o ABSOLUTE
    _printf_lli                              0x00000000   Number         0  stubs.o ABSOLUTE
    _printf_llo                              0x00000000   Number         0  stubs.o ABSOLUTE
    _printf_llu                              0x00000000   Number         0  stubs.o ABSOLUTE
    _printf_llx                              0x00000000   Number         0  stubs.o ABSOLUTE
    _printf_longlong_dec                     0x00000000   Number         0  stubs.o ABSOLUTE
    _printf_longlong_hex                     0x00000000   Number         0  stubs.o ABSOLUTE
    _printf_longlong_oct                     0x00000000   Number         0  stubs.o ABSOLUTE
    _printf_ls                               0x00000000   Number         0  stubs.o ABSOLUTE
    _printf_mbtowc                           0x00000000   Number         0  stubs.o ABSOLUTE
    _printf_n                                0x00000000   Number         0  stubs.o ABSOLUTE
    _printf_o                                0x00000000   Number         0  stubs.o ABSOLUTE
    _printf_p                                0x00000000   Number         0  stubs.o ABSOLUTE
    _printf_percent                          0x00000000   Number         0  stubs.o ABSOLUTE
    _printf_pre_padding                      0x00000000   Number         0  stubs.o ABSOLUTE
    _printf_return_value                     0x00000000   Number         0  stubs.o ABSOLUTE
    _printf_s                                0x00000000   Number         0  stubs.o ABSOLUTE
    _printf_sizespec                         0x00000000   Number         0  stubs.o ABSOLUTE
    _printf_str                              0x00000000   Number         0  stubs.o ABSOLUTE
    _printf_truncate_signed                  0x00000000   Number         0  stubs.o ABSOLUTE
    _printf_truncate_unsigned                0x00000000   Number         0  stubs.o ABSOLUTE
    _printf_u                                0x00000000   Number         0  stubs.o ABSOLUTE
    _printf_wc                               0x00000000   Number         0  stubs.o ABSOLUTE
    _printf_wctomb                           0x00000000   Number         0  stubs.o ABSOLUTE
    _printf_widthprec                        0x00000000   Number         0  stubs.o ABSOLUTE
    _printf_x                                0x00000000   Number         0  stubs.o ABSOLUTE
    __ARM::default_unexpected_handler()       - Undefined Weak Reference
    __ARM_exceptions_buffer_required          - Undefined Weak Reference
    __decompress                              - Undefined Weak Reference
    _clock_init                               - Undefined Weak Reference
    _microlib_exit                            - Undefined Weak Reference
    __Vectors_Size                           0x000000ec   Number         0  startup_stm32f103xb.o ABSOLUTE
    __Vectors                                0x08000000   Data           4  startup_stm32f103xb.o(RESET)
    __dso_handle                             0x08000000   Number         0  startup_stm32f103xb.o(RESET)
    __Vectors_End                            0x080000ec   Data           0  startup_stm32f103xb.o(RESET)
    __main                                   0x080000ed   Thumb Code     0  entry.o(.ARM.Collect$$$$00000000)
    _main_stk                                0x080000ed   Thumb Code     0  entry2.o(.ARM.Collect$$$$00000001)
    _main_scatterload                        0x080000f1   Thumb Code     0  entry5.o(.ARM.Collect$$$$00000004)
    __main_after_scatterload                 0x080000f5   Thumb Code     0  entry5.o(.ARM.Collect$$$$00000004)
    __use_full_stdio                         0x080000f5   Thumb Code     0  entry6b.o(.ARM.Collect$$$$00000006)
    __main_after_initio                      0x080000f9   Thumb Code     0  entry6b.o(.ARM.Collect$$$$00000006)
    _main_clock                              0x080000f9   Thumb Code     0  entry7b.o(.ARM.Collect$$$$00000008)
    _main_cpp_init$empty                     0x080000f9   Thumb Code     0  entry8a.o(.ARM.Collect$$$$00000009)
    _main_cpp_init                           0x080000fd   Thumb Code     0  entry8b.o(.ARM.Collect$$$$0000000A)
    _main_init                               0x080000fd   Thumb Code     0  entry9a.o(.ARM.Collect$$$$0000000B)
    __rt_final_cpp                           0x08000105   Thumb Code     0  entry10a.o(.ARM.Collect$$$$0000000D)
    __rt_final_exit                          0x08000105   Thumb Code     0  entry11a.o(.ARM.Collect$$$$0000000F)
    motor(bool, float, float, bool, float, float) 0x08000135   Thumb Code    68  main.o(.text)
    straight(float)                          0x08000179   Thumb Code   108  main.o(.text)
    PID_control()                            0x080001e5   Thumb Code   284  main.o(.text)
    lCounter()                               0x08000301   Thumb Code    36  main.o(.text)
    rCounter()                               0x08000325   Thumb Code    36  main.o(.text)
    $Super$$main                             0x08000349   Thumb Code   302  main.o(.text)
    buzz()                                   0x08000655   Thumb Code    84  myfunctions.o(.text)
    toneOff()                                0x080006a9   Thumb Code    10  myfunctions.o(.text)
    toneOn(int, int)                         0x080006b3   Thumb Code    38  myfunctions.o(.text)
    Reset_Handler                            0x0800076d   Thumb Code     8  startup_stm32f103xb.o(.text)
    NMI_Handler                              0x08000775   Thumb Code     2  startup_stm32f103xb.o(.text)
    HardFault_Handler                        0x08000777   Thumb Code     2  startup_stm32f103xb.o(.text)
    MemManage_Handler                        0x08000779   Thumb Code     2  startup_stm32f103xb.o(.text)
    BusFault_Handler                         0x0800077b   Thumb Code     2  startup_stm32f103xb.o(.text)
    UsageFault_Handler                       0x0800077d   Thumb Code     2  startup_stm32f103xb.o(.text)
    SVC_Handler                              0x0800077f   Thumb Code     2  startup_stm32f103xb.o(.text)
    DebugMon_Handler                         0x08000781   Thumb Code     2  startup_stm32f103xb.o(.text)
    PendSV_Handler                           0x08000783   Thumb Code     2  startup_stm32f103xb.o(.text)
    SysTick_Handler                          0x08000785   Thumb Code     2  startup_stm32f103xb.o(.text)
    ADC1_2_IRQHandler                        0x08000787   Thumb Code     0  startup_stm32f103xb.o(.text)
    CAN1_RX1_IRQHandler                      0x08000787   Thumb Code     0  startup_stm32f103xb.o(.text)
    CAN1_SCE_IRQHandler                      0x08000787   Thumb Code     0  startup_stm32f103xb.o(.text)
    DMA1_Channel1_IRQHandler                 0x08000787   Thumb Code     0  startup_stm32f103xb.o(.text)
    DMA1_Channel2_IRQHandler                 0x08000787   Thumb Code     0  startup_stm32f103xb.o(.text)
    DMA1_Channel3_IRQHandler                 0x08000787   Thumb Code     0  startup_stm32f103xb.o(.text)
    DMA1_Channel4_IRQHandler                 0x08000787   Thumb Code     0  startup_stm32f103xb.o(.text)
    DMA1_Channel5_IRQHandler                 0x08000787   Thumb Code     0  startup_stm32f103xb.o(.text)
    DMA1_Channel6_IRQHandler                 0x08000787   Thumb Code     0  startup_stm32f103xb.o(.text)
    DMA1_Channel7_IRQHandler                 0x08000787   Thumb Code     0  startup_stm32f103xb.o(.text)
    EXTI0_IRQHandler                         0x08000787   Thumb Code     0  startup_stm32f103xb.o(.text)
    EXTI15_10_IRQHandler                     0x08000787   Thumb Code     0  startup_stm32f103xb.o(.text)
    EXTI1_IRQHandler                         0x08000787   Thumb Code     0  startup_stm32f103xb.o(.text)
    EXTI2_IRQHandler                         0x08000787   Thumb Code     0  startup_stm32f103xb.o(.text)
    EXTI3_IRQHandler                         0x08000787   Thumb Code     0  startup_stm32f103xb.o(.text)
    EXTI4_IRQHandler                         0x08000787   Thumb Code     0  startup_stm32f103xb.o(.text)
    EXTI9_5_IRQHandler                       0x08000787   Thumb Code     0  startup_stm32f103xb.o(.text)
    FLASH_IRQHandler                         0x08000787   Thumb Code     0  startup_stm32f103xb.o(.text)
    I2C1_ER_IRQHandler                       0x08000787   Thumb Code     0  startup_stm32f103xb.o(.text)
    I2C1_EV_IRQHandler                       0x08000787   Thumb Code     0  startup_stm32f103xb.o(.text)
    I2C2_ER_IRQHandler                       0x08000787   Thumb Code     0  startup_stm32f103xb.o(.text)
    I2C2_EV_IRQHandler                       0x08000787   Thumb Code     0  startup_stm32f103xb.o(.text)
    PVD_IRQHandler                           0x08000787   Thumb Code     0  startup_stm32f103xb.o(.text)
    RCC_IRQHandler                           0x08000787   Thumb Code     0  startup_stm32f103xb.o(.text)
    RTC_Alarm_IRQHandler                     0x08000787   Thumb Code     0  startup_stm32f103xb.o(.text)
    RTC_IRQHandler                           0x08000787   Thumb Code     0  startup_stm32f103xb.o(.text)
    SPI1_IRQHandler                          0x08000787   Thumb Code     0  startup_stm32f103xb.o(.text)
    SPI2_IRQHandler                          0x08000787   Thumb Code     0  startup_stm32f103xb.o(.text)
    TAMPER_IRQHandler                        0x08000787   Thumb Code     0  startup_stm32f103xb.o(.text)
    TIM1_BRK_IRQHandler                      0x08000787   Thumb Code     0  startup_stm32f103xb.o(.text)
    TIM1_CC_IRQHandler                       0x08000787   Thumb Code     0  startup_stm32f103xb.o(.text)
    TIM1_TRG_COM_IRQHandler                  0x08000787   Thumb Code     0  startup_stm32f103xb.o(.text)
    TIM1_UP_IRQHandler                       0x08000787   Thumb Code     0  startup_stm32f103xb.o(.text)
    TIM2_IRQHandler                          0x08000787   Thumb Code     0  startup_stm32f103xb.o(.text)
    TIM3_IRQHandler                          0x08000787   Thumb Code     0  startup_stm32f103xb.o(.text)
    TIM4_IRQHandler                          0x08000787   Thumb Code     0  startup_stm32f103xb.o(.text)
    USART1_IRQHandler                        0x08000787   Thumb Code     0  startup_stm32f103xb.o(.text)
    USART2_IRQHandler                        0x08000787   Thumb Code     0  startup_stm32f103xb.o(.text)
    USART3_IRQHandler                        0x08000787   Thumb Code     0  startup_stm32f103xb.o(.text)
    USBWakeUp_IRQHandler                     0x08000787   Thumb Code     0  startup_stm32f103xb.o(.text)
    USB_HP_CAN1_TX_IRQHandler                0x08000787   Thumb Code     0  startup_stm32f103xb.o(.text)
    USB_LP_CAN1_RX0_IRQHandler               0x08000787   Thumb Code     0  startup_stm32f103xb.o(.text)
    WWDG_IRQHandler                          0x08000787   Thumb Code     0  startup_stm32f103xb.o(.text)
    _initio                                  0x08000791   Thumb Code    20  initio_oe.o(.text)
    fputc                                    0x080007b1   Thumb Code    40  fputc_fp.o(.text)
    fflush                                   0x080007d9   Thumb Code    38  fflush_fe.o(.text)
    setbuf                                   0x080007ff   Thumb Code     2  setbuf.o(.text)
    __aeabi_llsr                             0x08000801   Thumb Code    32  llushr.o(.text)
    _ll_ushift_r                             0x08000801   Thumb Code     0  llushr.o(.text)
    ___aeabi_memcpy4$move                    0x08000821   Thumb Code     0  memmovea.o(.text)
    ___aeabi_memcpy8$move                    0x08000821   Thumb Code     0  memmovea.o(.text)
    __aeabi_memcpy                           0x08000821   Thumb Code    64  memmovea.o(.text)
    __aeabi_memmove                          0x08000821   Thumb Code     0  memmovea.o(.text)
    __aeabi_memmove4                         0x08000821   Thumb Code     0  memmovea.o(.text)
    __aeabi_memmove8                         0x08000821   Thumb Code     0  memmovea.o(.text)
    __aeabi_memset                           0x08000861   Thumb Code    14  memseta.o(.text)
    __aeabi_memset4                          0x08000861   Thumb Code     0  memseta.o(.text)
    __aeabi_memset8                          0x08000861   Thumb Code     0  memseta.o(.text)
    __aeabi_memclr                           0x0800086f   Thumb Code     4  memseta.o(.text)
    __aeabi_memclr4                          0x0800086f   Thumb Code     0  memseta.o(.text)
    __aeabi_memclr8                          0x0800086f   Thumb Code     0  memseta.o(.text)
    _memset$wrapper                          0x08000873   Thumb Code    18  memseta.o(.text)
    strlen                                   0x08000885   Thumb Code    14  strlen.o(.text)
    strcmp                                   0x08000893   Thumb Code    28  strcmp.o(.text)
    strncmp                                  0x080008af   Thumb Code    30  strncmp.o(.text)
    __0sscanf                                0x080008cd   Thumb Code    48  __0sscanf.o(.text)
    _scanf_int                               0x08000905   Thumb Code   336  _scanf_int.o(.text)
    __cpp_initialize__aeabi_                 0x08000a55   Thumb Code    22  cpp_init.o(.text)
    __aeabi_fadd                             0x08000a75   Thumb Code   164  fadd.o(.text)
    __aeabi_fsub                             0x08000b19   Thumb Code     6  fadd.o(.text)
    __aeabi_frsub                            0x08000b1f   Thumb Code     6  fadd.o(.text)
    __aeabi_fmul                             0x08000b25   Thumb Code   108  fmul.o(.text)
    __aeabi_fdiv                             0x08000b91   Thumb Code   128  fdiv.o(.text)
    __aeabi_dmul                             0x08000c11   Thumb Code   228  dmul.o(.text)
    __aeabi_i2f                              0x08000cf5   Thumb Code    18  fflti.o(.text)
    __aeabi_ui2f                             0x08000d07   Thumb Code    10  ffltui.o(.text)
    __aeabi_f2iz                             0x08000d11   Thumb Code    50  ffixi.o(.text)
    __aeabi_f2uiz                            0x08000d43   Thumb Code    40  ffixui.o(.text)
    __aeabi_f2d                              0x08000d6b   Thumb Code    38  f2d.o(.text)
    __aeabi_cdcmpeq                          0x08000d91   Thumb Code     0  cdcmple.o(.text)
    __aeabi_cdcmple                          0x08000d91   Thumb Code    38  cdcmple.o(.text)
    __aeabi_cdrcmple                         0x08000db9   Thumb Code    38  cdrcmple.o(.text)
    __aeabi_d2f                              0x08000de1   Thumb Code    56  d2f.o(.text)
    __aeabi_cfcmpeq                          0x08000e19   Thumb Code     0  cfcmple.o(.text)
    __aeabi_cfcmple                          0x08000e19   Thumb Code    20  cfcmple.o(.text)
    __aeabi_cfrcmple                         0x08000e2d   Thumb Code    20  cfrcmple.o(.text)
    __aeabi_uidiv                            0x08000e41   Thumb Code     0  uidiv.o(.text)
    __aeabi_uidivmod                         0x08000e41   Thumb Code    44  uidiv.o(.text)
    __aeabi_uldivmod                         0x08000e6d   Thumb Code    98  uldiv.o(.text)
    _chval                                   0x08000ecf   Thumb Code    28  _chval.o(.text)
    __vfscanf_char                           0x08000ef9   Thumb Code    20  scanf_char.o(.text)
    _sgetc                                   0x08000f15   Thumb Code    30  _sgetc.o(.text)
    _sbackspace                              0x08000f33   Thumb Code    34  _sgetc.o(.text)
    __I$use$fp                               0x08000f55   Thumb Code     0  iusefp.o(.text)
    __rt_ddtor_pointer_addr                  0x08000f55   Thumb Code     4  cpp_dtor.o(.text)
    __rt_lib_shutdown_cpp_1                  0x08000f5d   Thumb Code     2  cpp_final.o(.text)
    __rt_SIGPVFN                             0x08000f5f   Thumb Code     2  cpp_signal.o(.text)
    _float_round                             0x08000f61   Thumb Code    18  fepilogue.o(.text)
    _float_epilogue                          0x08000f73   Thumb Code    90  fepilogue.o(.text)
    _double_round                            0x08000fcd   Thumb Code    26  depilogue.o(.text)
    _double_epilogue                         0x08000fe7   Thumb Code   164  depilogue.o(.text)
    __aeabi_dadd                             0x0800108b   Thumb Code   322  dadd.o(.text)
    __aeabi_dsub                             0x080011cd   Thumb Code     6  dadd.o(.text)
    __aeabi_drsub                            0x080011d3   Thumb Code     6  dadd.o(.text)
    __aeabi_ddiv                             0x080011d9   Thumb Code   222  ddiv.o(.text)
    __aeabi_d2ulz                            0x080012b7   Thumb Code    48  dfixul.o(.text)
    __scatterload                            0x080012e9   Thumb Code    28  init.o(.text)
    __scatterload_rt2                        0x080012e9   Thumb Code     0  init.o(.text)
    __aeabi_llsl                             0x0800130d   Thumb Code    30  llshl.o(.text)
    _ll_shift_l                              0x0800130d   Thumb Code     0  llshl.o(.text)
    __aeabi_lasr                             0x0800132b   Thumb Code    36  llsshr.o(.text)
    _ll_sshift_r                             0x0800132b   Thumb Code     0  llsshr.o(.text)
    isspace                                  0x0800134f   Thumb Code    10  isspace_c.o(.text)
    __vfscanf                                0x08001359   Thumb Code   806  _scanf.o(.text)
    __ctype_lookup                           0x08001685   Thumb Code    34  ctype_c.o(.text)
    main                                     0x080016ad   Thumb Code    18  retarget.o(i.$Sub$$main)
    HAL_Delay                                0x080016c7   Thumb Code    22  stm32f1xx_hal.o(i.HAL_Delay)
    HAL_GPIO_Init                            0x080016dd   Thumb Code   454  stm32f1xx_hal_gpio.o(i.HAL_GPIO_Init)
    HAL_GetTick                              0x080018b9   Thumb Code     6  stm32f1xx_hal.o(i.HAL_GetTick)
    HAL_IncTick                              0x080018c5   Thumb Code    10  stm32f1xx_hal.o(i.HAL_IncTick)
    HAL_Init                                 0x080018d5   Thumb Code    32  stm32f1xx_hal.o(i.HAL_Init)
    HAL_InitTick                             0x080018f9   Thumb Code   158  hal_tick.o(i.HAL_InitTick)
    HAL_MspInit                              0x080019b5   Thumb Code     2  stm32f1xx_hal.o(i.HAL_MspInit)
    HAL_NVIC_SetPriorityGrouping             0x080019b9   Thumb Code    30  stm32f1xx_hal_cortex.o(i.HAL_NVIC_SetPriorityGrouping)
    HAL_RCC_ClockConfig                      0x080019dd   Thumb Code   730  stm32f1xx_hal_rcc_ex.o(i.HAL_RCC_ClockConfig)
    HAL_RCC_GetPCLK1Freq                     0x08001cc1   Thumb Code    64  stm32f1xx_hal_rcc.o(i.HAL_RCC_GetPCLK1Freq)
    HAL_RCC_GetPCLK2Freq                     0x08001d0d   Thumb Code    64  stm32f1xx_hal_rcc.o(i.HAL_RCC_GetPCLK2Freq)
    HAL_RCC_GetSysClockFreq                  0x08001d59   Thumb Code   124  stm32f1xx_hal_rcc.o(i.HAL_RCC_GetSysClockFreq)
    HAL_RCC_OscConfig                        0x08001df5   Thumb Code  2306  stm32f1xx_hal_rcc.o(i.HAL_RCC_OscConfig)
    HAL_TIMEx_PWMN_Start                     0x08002705   Thumb Code    44  stm32f1xx_hal_tim_ex.o(i.HAL_TIMEx_PWMN_Start)
    HAL_TIM_Base_Init                        0x08002731   Thumb Code    54  stm32f1xx_hal_tim.o(i.HAL_TIM_Base_Init)
    HAL_TIM_Base_MspInit                     0x08002767   Thumb Code     2  stm32f1xx_hal_tim.o(i.HAL_TIM_Base_MspInit)
    HAL_TIM_Base_Start                       0x08002769   Thumb Code    26  stm32f1xx_hal_tim.o(i.HAL_TIM_Base_Start)
    HAL_TIM_OC_Start                         0x08002783   Thumb Code    54  stm32f1xx_hal_tim.o(i.HAL_TIM_OC_Start)
    HAL_TIM_PWM_ConfigChannel                0x080027b9   Thumb Code   524  stm32f1xx_hal_tim.o(i.HAL_TIM_PWM_ConfigChannel)
    HAL_TIM_PWM_Init                         0x080029c9   Thumb Code    54  stm32f1xx_hal_tim.o(i.HAL_TIM_PWM_Init)
    HAL_TIM_PWM_MspInit                      0x080029ff   Thumb Code     2  stm32f1xx_hal_tim.o(i.HAL_TIM_PWM_MspInit)
    HAL_TIM_PWM_Start                        0x08002a01   Thumb Code    54  stm32f1xx_hal_tim.o(i.HAL_TIM_PWM_Start)
    HAL_UART_Init                            0x08002a37   Thumb Code    94  stm32f1xx_hal_uart.o(i.HAL_UART_Init)
    HAL_UART_MspInit                         0x08002a95   Thumb Code     2  stm32f1xx_hal_uart.o(i.HAL_UART_MspInit)
    NVIC_SetVector                           0x08002a99   Thumb Code   102  cmsis_nvic.o(i.NVIC_SetVector)
    SetSysClock                              0x08002b05   Thumb Code   188  system_stm32f1xx.o(i.SetSysClock)
    Set_GPIO_Clock                           0x08002bc1   Thumb Code   104  pinmap.o(i.Set_GPIO_Clock)
    SystemCoreClockUpdate                    0x08002c41   Thumb Code    90  system_stm32f1xx.o(i.SystemCoreClockUpdate)
    SystemInit                               0x08002cb1   Thumb Code    92  system_stm32f1xx.o(i.SystemInit)
    TIM_Base_SetConfig                       0x08002d21   Thumb Code    94  stm32f1xx_hal_tim.o(i.TIM_Base_SetConfig)
    mbed::DigitalOut::DigitalOut(PinName)    0x08002ead   Thumb Code    26  main.o(i._ZN4mbed10DigitalOutC1E7PinName)
    mbed::DigitalOut::DigitalOut__sub_object(PinName) 0x08002ead   Thumb Code     0  main.o(i._ZN4mbed10DigitalOutC1E7PinName)
    mbed::DigitalOut::operator =(int)        0x08002ec7   Thumb Code    22  main.o(i._ZN4mbed10DigitalOutaSEi)
    mbed::FileHandle::~FileHandle()          0x08002edd   Thumb Code     0  retarget.o(i._ZN4mbed10FileHandleD2Ev)
    mbed::FileHandle::~FileHandle__sub_object() 0x08002edd   Thumb Code    38  retarget.o(i._ZN4mbed10FileHandleD2Ev)
    mbed::SerialBase::_base_putc(int)        0x08002f0d   Thumb Code    14  SerialBase.o(i._ZN4mbed10SerialBase10_base_putcEi)
    mbed::SerialBase::_irq_handler(unsigned, SerialIrq) 0x08002f1b   Thumb Code    42  SerialBase.o(i._ZN4mbed10SerialBase12_irq_handlerEj9SerialIrq)
    mbed::SerialBase::baud(int)              0x08002f45   Thumb Code    16  SerialBase.o(i._ZN4mbed10SerialBase4baudEi)
    mbed::SerialBase::SerialBase(PinName, PinName) 0x08002f55   Thumb Code    72  SerialBase.o(i._ZN4mbed10SerialBaseC1E7PinNameS1_)
    mbed::SerialBase::SerialBase__sub_object(PinName, PinName) 0x08002f55   Thumb Code     0  SerialBase.o(i._ZN4mbed10SerialBaseC1E7PinNameS1_)
    mbed::TimerEvent::irq(unsigned)          0x08002fa9   Thumb Code     6  TimerEvent.o(i._ZN4mbed10TimerEvent3irqEj)
    mbed::TimerEvent::insert(unsigned)       0x08002faf   Thumb Code    16  TimerEvent.o(i._ZN4mbed10TimerEvent6insertEj)
    mbed::TimerEvent::remove()               0x08002fbf   Thumb Code    10  TimerEvent.o(i._ZN4mbed10TimerEvent6removeEv)
    mbed::TimerEvent::TimerEvent__sub_object() 0x08002fc9   Thumb Code    32  TimerEvent.o(i._ZN4mbed10TimerEventC2Ev)
    mbed::TimerEvent::~TimerEvent()          0x08002ff1   Thumb Code     0  TimerEvent.o(i._ZN4mbed10TimerEventD2Ev)
    mbed::TimerEvent::~TimerEvent__sub_object() 0x08002ff1   Thumb Code    20  TimerEvent.o(i._ZN4mbed10TimerEventD2Ev)
    mbed::InterruptIn::_irq_handler(unsigned, gpio_irq_event) 0x08003009   Thumb Code    66  InterruptIn.o(i._ZN4mbed11InterruptIn12_irq_handlerEj14gpio_irq_event)
    mbed::InterruptIn::fall(void(*)())       0x0800304b   Thumb Code    28  InterruptIn.o(i._ZN4mbed11InterruptIn4fallEPFvvE)
    mbed::InterruptIn::InterruptIn(PinName)  0x08003069   Thumb Code    62  InterruptIn.o(i._ZN4mbed11InterruptInC1E7PinName)
    mbed::InterruptIn::InterruptIn__sub_object(PinName) 0x08003069   Thumb Code     0  InterruptIn.o(i._ZN4mbed11InterruptInC1E7PinName)
    mbed::InterruptIn::~InterruptIn()        0x080030b1   Thumb Code    20  InterruptIn.o(i._ZN4mbed11InterruptInD1Ev)
    mbed::InterruptIn::~InterruptIn__sub_object() 0x080030b1   Thumb Code     0  InterruptIn.o(i._ZN4mbed11InterruptInD1Ev)
    mbed::mbed_set_unbuffered_stream(std::__FILE*) 0x080030c9   Thumb Code     6  retarget.o(i._ZN4mbed26mbed_set_unbuffered_streamEPSt6__FILE)
    mbed::Timer::stop()                      0x080030cf   Thumb Code    30  Timer.o(i._ZN4mbed5Timer4stopEv)
    mbed::Timer::start()                     0x080030ed   Thumb Code    26  Timer.o(i._ZN4mbed5Timer5startEv)
    mbed::Timer::Timer()                     0x08003107   Thumb Code    30  Timer.o(i._ZN4mbed5TimerC1Ev)
    mbed::Timer::Timer__sub_object()         0x08003107   Thumb Code     0  Timer.o(i._ZN4mbed5TimerC1Ev)
    mbed::Timer::operator float()            0x08003125   Thumb Code    36  Timer.o(i._ZN4mbed5TimercvfEv)
    mbed::PwmOut::period_ms(int)             0x0800314d   Thumb Code    16  main.o(i._ZN4mbed6PwmOut9period_msEi)
    mbed::PwmOut::PwmOut(PinName)            0x0800315d   Thumb Code    18  main.o(i._ZN4mbed6PwmOutC1E7PinName)
    mbed::PwmOut::PwmOut__sub_object(PinName) 0x0800315d   Thumb Code     0  main.o(i._ZN4mbed6PwmOutC1E7PinName)
    mbed::PwmOut::operator =(float)          0x0800316f   Thumb Code    22  main.o(i._ZN4mbed6PwmOutaSEf)
    mbed::Serial::Serial(PinName, PinName, const char*) 0x08003185   Thumb Code    32  Serial.o(i._ZN4mbed6SerialC1E7PinNameS1_PKc)
    mbed::Serial::Serial__sub_object(PinName, PinName, const char*) 0x08003185   Thumb Code     0  Serial.o(i._ZN4mbed6SerialC1E7PinNameS1_PKc)
    mbed::Serial::~Serial()                  0x080031a9   Thumb Code    12  Serial.o(i._ZN4mbed6SerialD1Ev)
    mbed::Serial::~Serial__sub_object()      0x080031a9   Thumb Code     0  Serial.o(i._ZN4mbed6SerialD1Ev)
    mbed::Stream::close()                    0x080031b5   Thumb Code     4  Stream.o(i._ZN4mbed6Stream5closeEv)
    mbed::Stream::fsync()                    0x080031b9   Thumb Code     4  Stream.o(i._ZN4mbed6Stream5fsyncEv)
    mbed::Stream::lseek(long, int)           0x080031bd   Thumb Code     4  Stream.o(i._ZN4mbed6Stream5lseekEli)
    mbed::Stream::write(const void*, unsigned) 0x080031c1   Thumb Code    42  Stream.o(i._ZN4mbed6Stream5writeEPKvj)
    mbed::Stream::printf(const char*, ...)   0x080031eb   Thumb Code    30  Stream.o(i._ZN4mbed6Stream6printfEPKcz)
    mbed::Stream::Stream__sub_object(const char*) 0x08003209   Thumb Code    52  Stream.o(i._ZN4mbed6StreamC2EPKc)
    mbed::Stream::~Stream()                  0x08003249   Thumb Code     0  Stream.o(i._ZN4mbed6StreamD2Ev)
    mbed::Stream::~Stream__sub_object()      0x08003249   Thumb Code    28  Stream.o(i._ZN4mbed6StreamD2Ev)
    mbed::Ticker::setup(unsigned)            0x08003269   Thumb Code    32  Ticker.o(i._ZN4mbed6Ticker5setupEj)
    mbed::Ticker::detach()                   0x08003289   Thumb Code    16  Ticker.o(i._ZN4mbed6Ticker6detachEv)
    mbed::Ticker::handler()                  0x08003299   Thumb Code    52  Ticker.o(i._ZN4mbed6Ticker7handlerEv)
    mbed::Ticker::attach_us(void(*)(), unsigned) 0x080032cd   Thumb Code    28  myfunctions.o(i._ZN4mbed6Ticker9attach_usEPFvvEj)
    mbed::Ticker::Ticker()                   0x080032e9   Thumb Code    40  myfunctions.o(i._ZN4mbed6TickerC1Ev)
    mbed::Ticker::Ticker__sub_object()       0x080032e9   Thumb Code     0  myfunctions.o(i._ZN4mbed6TickerC1Ev)
    mbed::Ticker::~Ticker()                  0x08003315   Thumb Code    30  Ticker.o(i._ZN4mbed6TickerD1Ev)
    mbed::Ticker::~Ticker__sub_object()      0x08003315   Thumb Code     0  Ticker.o(i._ZN4mbed6TickerD1Ev)
    mbed::Timeout::handler()                 0x08003339   Thumb Code    28  Timeout.o(i._ZN4mbed7Timeout7handlerEv)
    mbed::Timeout::~Timeout()                0x08003355   Thumb Code    24  Timeout.o(i._ZN4mbed7TimeoutD1Ev)
    mbed::Timeout::~Timeout__sub_object()    0x08003355   Thumb Code     0  Timeout.o(i._ZN4mbed7TimeoutD1Ev)
    mbed::FileBase::getPathType()            0x08003371   Thumb Code     4  FileBase.o(i._ZN4mbed8FileBase11getPathTypeEv)
    mbed::FileBase::lookup(const char*, unsigned) 0x08003375   Thumb Code    50  FileBase.o(i._ZN4mbed8FileBase6lookupEPKcj)
    mbed::FileBase::FileBase(const char*, mbed::PathType) 0x080033ad   Thumb Code    28  FileBase.o(i._ZN4mbed8FileBaseC1EPKcNS_8PathTypeE)
    mbed::FileBase::FileBase__sub_object(const char*, mbed::PathType) 0x080033ad   Thumb Code     0  FileBase.o(i._ZN4mbed8FileBaseC1EPKcNS_8PathTypeE)
    mbed::FileBase::~FileBase()              0x080033d1   Thumb Code    46  FileBase.o(i._ZN4mbed8FileBaseD1Ev)
    mbed::FileBase::~FileBase__sub_object()  0x080033d1   Thumb Code     0  FileBase.o(i._ZN4mbed8FileBaseD1Ev)
    mbed::FileLike::FileLike__sub_object(const char*) 0x08003409   Thumb Code    26  FileLike.o(i._ZN4mbed8FileLikeC2EPKc)
    mbed::FileLike::~FileLike()              0x0800342d   Thumb Code     0  FileLike.o(i._ZN4mbed8FileLikeD2Ev)
    mbed::FileLike::~FileLike__sub_object()  0x0800342d   Thumb Code    18  FileLike.o(i._ZN4mbed8FileLikeD2Ev)
    mbed::FilePath::fileSystem()             0x0800343f   Thumb Code    24  FilePath.o(i._ZN4mbed8FilePath10fileSystemEv)
    mbed::FilePath::file()                   0x08003457   Thumb Code    28  FilePath.o(i._ZN4mbed8FilePath4fileEv)
    mbed::FilePath::exists()                 0x08003473   Thumb Code    10  FilePath.o(i._ZN4mbed8FilePath6existsEv)
    mbed::FilePath::isFile()                 0x0800347d   Thumb Code    24  FilePath.o(i._ZN4mbed8FilePath6isFileEv)
    mbed::FilePath::fileName()               0x08003495   Thumb Code     4  FilePath.o(i._ZN4mbed8FilePath8fileNameEv)
    mbed::FilePath::FilePath(const char*)    0x08003499   Thumb Code    64  FilePath.o(i._ZN4mbed8FilePathC1EPKc)
    mbed::FilePath::FilePath__sub_object(const char*) 0x08003499   Thumb Code     0  FilePath.o(i._ZN4mbed8FilePathC1EPKc)
    mbed::DigitalIn::DigitalIn(PinName)      0x080034d9   Thumb Code    26  main.o(i._ZN4mbed9DigitalInC1E7PinName)
    mbed::DigitalIn::DigitalIn__sub_object(PinName) 0x080034d9   Thumb Code     0  main.o(i._ZN4mbed9DigitalInC1E7PinName)
    mbed::DigitalIn::operator int()          0x080034f3   Thumb Code    14  main.o(i._ZN4mbed9DigitalIncviEv)
    thunk{-84} to mbed::Serial::_putc(int)   0x08003501   Thumb Code     6  Serial.o(i._ZThn84_N4mbed6Serial5_putcEi)
    __0fprintf                               0x08003509   Thumb Code    22  printfa.o(i.__0fprintf)
    __1fprintf                               0x08003509   Thumb Code     0  printfa.o(i.__0fprintf)
    __2fprintf                               0x08003509   Thumb Code     0  printfa.o(i.__0fprintf)
    __c89fprintf                             0x08003509   Thumb Code     0  printfa.o(i.__0fprintf)
    fprintf                                  0x08003509   Thumb Code     0  printfa.o(i.__0fprintf)
    __0sprintf                               0x08003525   Thumb Code    34  printfa.o(i.__0sprintf)
    __1sprintf                               0x08003525   Thumb Code     0  printfa.o(i.__0sprintf)
    __2sprintf                               0x08003525   Thumb Code     0  printfa.o(i.__0sprintf)
    __c89sprintf                             0x08003525   Thumb Code     0  printfa.o(i.__0sprintf)
    sprintf                                  0x08003525   Thumb Code     0  printfa.o(i.__0sprintf)
    __0vfprintf                              0x0800354d   Thumb Code    20  printfa.o(i.__0vfprintf)
    __1vfprintf                              0x0800354d   Thumb Code     0  printfa.o(i.__0vfprintf)
    __2vfprintf                              0x0800354d   Thumb Code     0  printfa.o(i.__0vfprintf)
    __c89vfprintf                            0x0800354d   Thumb Code     0  printfa.o(i.__0vfprintf)
    vfprintf                                 0x0800354d   Thumb Code     0  printfa.o(i.__0vfprintf)
    __aeabi_atexit                           0x08003565   Thumb Code    50  aeabi_atexit.o(i.__aeabi_atexit)
    __aeabi_vec_ctor_nocookie_nodtor         0x08003597   Thumb Code    34  aeabi_vec_ctor_nocookie_nodtor.o(i.__aeabi_vec_ctor_nocookie_nodtor)
    __cxa_finalize                           0x080035b9   Thumb Code    66  cxa_finalize.o(i.__cxa_finalize)
    __cxa_pure_virtual                       0x080035fb   Thumb Code     6  pure_virt.o(i.__cxa_pure_virtual)
    __scatterload_copy                       0x08003601   Thumb Code    14  handlers.o(i.__scatterload_copy)
    __scatterload_null                       0x0800360f   Thumb Code     2  handlers.o(i.__scatterload_null)
    __scatterload_zeroinit                   0x08003611   Thumb Code    14  handlers.o(i.__scatterload_zeroinit)
    fclose                                   0x0800361f   Thumb Code     6  fclose_f.o(i._fclose$full)
    fopen                                    0x08003625   Thumb Code    40  fopen_f.o(i._fopen$full)
    freopen                                  0x080037a9   Thumb Code    94  fopen_f.o(i._freopen$full)
    _sys_close                               0x08003f59   Thumb Code    40  retarget.o(i._sys_close)
    _sys_ensure                              0x08003f85   Thumb Code    34  retarget.o(i._sys_ensure)
    _sys_open                                0x08003fad   Thumb Code   212  retarget.o(i._sys_open)
    _sys_seek                                0x08004091   Thumb Code    36  retarget.o(i._sys_seek)
    _sys_write                               0x080040b9   Thumb Code    82  retarget.o(i._sys_write)
    error                                    0x08004119   Thumb Code    20  error.o(i.error)
    exit                                     0x08004131   Thumb Code    24  retarget.o(i.exit)
    free                                     0x08004151   Thumb Code    76  malloc.o(i.free)
    get_us_ticker_data                       0x080041a1   Thumb Code     4  us_ticker_api.o(i.get_us_ticker_data)
    gpio_dir                                 0x080041a9   Thumb Code    52  gpio_api.o(i.gpio_dir)
    gpio_init                                0x080041f9   Thumb Code    60  gpio_api.o(i.gpio_init)
    gpio_init_in                             0x08004235   Thumb Code    38  gpio.o(i.gpio_init_in)
    gpio_init_out                            0x0800425d   Thumb Code    64  gpio.o(i.gpio_init_out)
    gpio_irq_free                            0x080042d9   Thumb Code    68  gpio_irq_api.o(i.gpio_irq_free)
    gpio_irq_init                            0x08004325   Thumb Code   252  gpio_irq_api.o(i.gpio_irq_init)
    gpio_irq_set                             0x08004471   Thumb Code   114  gpio_irq_api.o(i.gpio_irq_set)
    gpio_mode                                0x080044e3   Thumb Code     8  gpio_api.o(i.gpio_mode)
    malloc                                   0x0800456d   Thumb Code    92  malloc.o(i.malloc)
    mbed_assert_internal                     0x080045d9   Thumb Code    24  assert.o(i.mbed_assert_internal)
    mbed_die                                 0x08004629   Thumb Code    16  board.o(i.mbed_die)
    mbed_main                                0x08004639   Thumb Code     2  retarget.o(i.mbed_main)
    mbed_sdk_init                            0x0800463b   Thumb Code    14  mbed_overrides.o(i.mbed_sdk_init)
    pin_function                             0x08004649   Thumb Code   256  pinmap.o(i.pin_function)
    pin_mode                                 0x0800476d   Thumb Code   236  pinmap.o(i.pin_mode)
    pinmap_merge                             0x08004871   Thumb Code    34  pinmap_common.o(i.pinmap_merge)
    pinmap_peripheral                        0x080048a9   Thumb Code    58  pinmap_common.o(i.pinmap_peripheral)
    pinmap_pinout                            0x08004905   Thumb Code    66  pinmap_common.o(i.pinmap_pinout)
    pwmout_init                              0x0800495d   Thumb Code   138  pwmout_api.o(i.pwmout_init)
    pwmout_period_ms                         0x08004a15   Thumb Code    10  pwmout_api.o(i.pwmout_period_ms)
    pwmout_period_us                         0x08004a21   Thumb Code   138  pwmout_api.o(i.pwmout_period_us)
    pwmout_write                             0x08004ab9   Thumb Code   196  pwmout_api.o(i.pwmout_write)
    serial_baud                              0x08004b81   Thumb Code    62  serial_api.o(i.serial_baud)
    serial_init                              0x08004bc5   Thumb Code   314  serial_api.o(i.serial_init)
    serial_irq_handler                       0x08004d3d   Thumb Code    14  serial_api.o(i.serial_irq_handler)
    serial_putc                              0x08004d55   Thumb Code    38  serial_api.o(i.serial_putc)
    set_compare                              0x08004d81   Thumb Code    18  us_ticker.o(i.set_compare)
    ticker_insert_event                      0x08004d9d   Thumb Code    62  ticker_api.o(i.ticker_insert_event)
    ticker_irq_handler                       0x08004ddb   Thumb Code    78  ticker_api.o(i.ticker_irq_handler)
    ticker_read                              0x08004e29   Thumb Code     6  ticker_api.o(i.ticker_read)
    ticker_remove_event                      0x08004e2f   Thumb Code    60  ticker_api.o(i.ticker_remove_event)
    ticker_set_handler                       0x08004e6b   Thumb Code    18  ticker_api.o(i.ticker_set_handler)
    timer_irq_handler                        0x08004e7d   Thumb Code   158  hal_tick.o(i.timer_irq_handler)
    us_ticker_clear_interrupt                0x08004f39   Thumb Code    22  us_ticker.o(i.us_ticker_clear_interrupt)
    us_ticker_disable_interrupt              0x08004f59   Thumb Code    16  us_ticker.o(i.us_ticker_disable_interrupt)
    us_ticker_init                           0x08004f71   Thumb Code    20  us_ticker.o(i.us_ticker_init)
    us_ticker_irq_handler                    0x08004f89   Thumb Code     6  us_ticker_api.o(i.us_ticker_irq_handler)
    us_ticker_read                           0x08004f95   Thumb Code    46  us_ticker.o(i.us_ticker_read)
    us_ticker_set_interrupt                  0x08004fcd   Thumb Code   134  us_ticker.o(i.us_ticker_set_interrupt)
    wait                                     0x08005065   Thumb Code    32  wait_api.o(i.wait)
    wait_ms                                  0x08005089   Thumb Code    28  wait_api.o(i.wait_ms)
    mbed::FunctionPointerArg1<void, void>::attach(void(*)()) 0x080050a5   Thumb Code     8  main.o(t._ZN4mbed19FunctionPointerArg1IvvE6attachEPFvvE)
    AHBPrescTable                            0x08005132   Data          16  system_stm32f1xx.o(.constdata)
    aAPBAHBPrescTable                        0x08005142   Data          16  stm32f1xx_hal_rcc.o(.constdata)
    PinMap_PWM                               0x080052dc   Data         300  PeripheralPins.o(.constdata)
    PinMap_UART_TX                           0x08005408   Data          72  PeripheralPins.o(.constdata)
    PinMap_UART_RX                           0x08005450   Data          72  PeripheralPins.o(.constdata)
    __ctype_categories                       0x08005554   Data          64  ctype_c.o(.constdata)
    vtable for mbed::FileHandle              0x08005594   Data          44  retarget.o(.constdata__ZTVN4mbed10FileHandleE)
    vtable for mbed::SerialBase              0x080055c0   Data          16  SerialBase.o(.constdata__ZTVN4mbed10SerialBaseE)
    vtable for mbed::TimerEvent              0x080055d0   Data          20  TimerEvent.o(.constdata__ZTVN4mbed10TimerEventE)
    vtable for mbed::InterruptIn             0x080055e4   Data          16  InterruptIn.o(.constdata__ZTVN4mbed11InterruptInE)
    vtable for mbed::Serial                  0x080055f4   Data          92  Serial.o(.constdata__ZTVN4mbed6SerialE)
    vtable for mbed::Stream                  0x08005650   Data          68  Stream.o(.constdata__ZTVN4mbed6StreamE)
    vtable for mbed::Ticker                  0x08005694   Data          20  Ticker.o(.constdata__ZTVN4mbed6TickerE)
    vtable for mbed::Timeout                 0x080056a8   Data          20  Timeout.o(.constdata__ZTVN4mbed7TimeoutE)
    vtable for mbed::FileBase                0x080056bc   Data          16  FileBase.o(.constdata__ZTVN4mbed8FileBaseE)
    vtable for mbed::FileLike                0x080056cc   Data          60  FileLike.o(.constdata__ZTVN4mbed8FileLikeE)
    Region$$Table$$Base                      0x08005708   Number         0  anon$$obj.o(Region$$Table)
    Region$$Table$$Limit                     0x08005728   Number         0  anon$$obj.o(Region$$Table)
    SHT$$INIT_ARRAY$$Base                    0x08005728   Number         0  main.o(.init_array)
    SHT$$INIT_ARRAY$$Limit                   0x08005730   Number         0  myfunctions.o(.init_array)
    lCount                                   0x200000ec   Data           4  main.o(.data)
    rCount                                   0x200000f0   Data           4  main.o(.data)
    Count                                    0x200000f4   Data           4  main.o(.data)
    Error                                    0x200000f8   Data           4  main.o(.data)
    PError                                   0x200000fc   Data           4  main.o(.data)
    PIDcounter                               0x20000100   Data           4  main.o(.data)
    accError                                 0x20000104   Data           4  main.o(.data)
    IError                                   0x20000108   Data           4  main.o(.data)
    oldError                                 0x2000010c   Data           4  main.o(.data)
    DError                                   0x20000110   Data           4  main.o(.data)
    intError                                 0x20000114   Data           4  main.o(.data)
    a                                        0x20000118   Data           4  main.o(.data)
    SystemCoreClock                          0x20000120   Data           4  system_stm32f1xx.o(.data)
    PreviousVal                              0x20000124   Data           4  hal_tick.o(.data)
    stdio_uart_inited                        0x2000012c   Data           4  serial_api.o(.data)
    oc_rem_part                              0x20000134   Data           2  us_ticker.o(.data)
    SlaveCounter                             0x2000013c   Data           4  us_ticker.o(.data)
    oc_int_part                              0x20000140   Data           4  us_ticker.o(.data)
    mbed::FileBase::_head                    0x20000190   Data           4  FileBase.o(.data)
    __microlib_freelist                      0x20000198   Data           4  mvars.o(.data)
    __microlib_freelist_initialised          0x2000019c   Data           4  mvars.o(.data)
    my_led                                   0x200001a0   Data          20  main.o(.bss)
    button                                   0x200001b4   Data          20  main.o(.bss)
    buzzer                                   0x200001c8   Data          20  main.o(.bss)
    R_enc1                                   0x200001dc   Data          88  main.o(.bss)
    R_enc2                                   0x20000234   Data          20  main.o(.bss)
    L_enc1                                   0x20000248   Data          88  main.o(.bss)
    L_enc2                                   0x200002a0   Data          20  main.o(.bss)
    RM_En                                    0x200002b4   Data          20  main.o(.bss)
    RM_A                                     0x200002c8   Data          16  main.o(.bss)
    RM_B                                     0x200002d8   Data          16  main.o(.bss)
    LM_En                                    0x200002e8   Data          20  main.o(.bss)
    LM_A                                     0x200002fc   Data          16  main.o(.bss)
    LM_B                                     0x2000030c   Data          16  main.o(.bss)
    bt                                       0x2000031c   Data         108  main.o(.bss)
    PID                                      0x20000388   Data          48  main.o(.bss)
    array                                    0x200003b8   Data        2000  main.o(.bss)
    myTime                                   0x20000b88   Data          16  main.o(.bss)
    timer                                    0x20000b98   Data          48  myfunctions.o(.bss)
    buzzerTone                               0x20000bc8   Data          48  myfunctions.o(.bss)
    TimMasterHandle                          0x20000c38   Data          60  hal_tick.o(.bss)
    UartHandle                               0x20000cbc   Data          64  serial_api.o(.bss)
    stdio_uart                               0x20000cfc   Data          28  serial_api.o(.bss)
    __stdout                                 0x20000f68   Data          20  stdout_f.o(.bss)
    __stderr                                 0x20000f7c   Data          20  stderr_f.o(.bss)
    __heap_base                              0x20000f90   Data           0  startup_stm32f103xb.o(HEAP)
    Image$$RW_IRAM1$$ZI$$Limit               0x20001390   Number         0  startup_stm32f103xb.o(HEAP)
    __heap_limit                             0x20004c00   Number         0  startup_stm32f103xb.o ABSOLUTE
    __initial_sp                             0x20005000   Number         0  startup_stm32f103xb.o ABSOLUTE



==============================================================================

Memory Map of the image

  Image Entry point : 0x080000ed

  Load Region LR_IROM1 (Base: 0x08000000, Size: 0x000057e4, Max: 0x00020000, ABSOLUTE)

    Execution Region ER_IROM1 (Base: 0x08000000, Size: 0x00005730, Max: 0x00020000, ABSOLUTE)

    Base Addr    Size         Type   Attr      Idx    E Section Name        Object

    0x08000000   0x000000ec   Data   RO         1727    RESET               startup_stm32f103xb.o
    0x080000ec   0x00000000   Code   RO         3294  * .ARM.Collect$$$$00000000  mc_w.l(entry.o)
    0x080000ec   0x00000004   Code   RO         3709    .ARM.Collect$$$$00000001  mc_w.l(entry2.o)
    0x080000f0   0x00000004   Code   RO         3712    .ARM.Collect$$$$00000004  mc_w.l(entry5.o)
    0x080000f4   0x00000004   Code   RO         3296    .ARM.Collect$$$$00000006  mc_w.l(entry6b.o)
    0x080000f8   0x00000000   Code   RO         3714    .ARM.Collect$$$$00000008  mc_w.l(entry7b.o)
    0x080000f8   0x00000004   Code   RO         3715    .ARM.Collect$$$$00000009  mc_w.l(entry8a.o)
    0x080000fc   0x00000000   Code   RO         3716    .ARM.Collect$$$$0000000A  mc_w.l(entry8b.o)
    0x080000fc   0x00000008   Code   RO         3717    .ARM.Collect$$$$0000000B  mc_w.l(entry9a.o)
    0x08000104   0x00000000   Code   RO         3719    .ARM.Collect$$$$0000000D  mc_w.l(entry10a.o)
    0x08000104   0x00000000   Code   RO         3721    .ARM.Collect$$$$0000000F  mc_w.l(entry11a.o)
    0x08000104   0x00000004   Code   RO         3710    .ARM.Collect$$$$00002712  mc_w.l(entry2.o)
    0x08000108   0x0000054c   Code   RO            3    .text               main.o
    0x08000654   0x00000118   Code   RO          506    .text               myfunctions.o
    0x0800076c   0x00000024   Code   RO         1728    .text               startup_stm32f103xb.o
    0x08000790   0x00000020   Code   RO         3340    .text               mc_w.l(initio_oe.o)
    0x080007b0   0x00000028   Code   RO         3346    .text               mc_w.l(fputc_fp.o)
    0x080007d8   0x00000026   Code   RO         3350    .text               mc_w.l(fflush_fe.o)
    0x080007fe   0x00000002   Code   RO         3358    .text               mc_w.l(setbuf.o)
    0x08000800   0x00000020   Code   RO         3364    .text               mc_w.l(llushr.o)
    0x08000820   0x00000040   Code   RO         3366    .text               mc_w.l(memmovea.o)
    0x08000860   0x00000024   Code   RO         3368    .text               mc_w.l(memseta.o)
    0x08000884   0x0000000e   Code   RO         3372    .text               mc_w.l(strlen.o)
    0x08000892   0x0000001c   Code   RO         3374    .text               mc_w.l(strcmp.o)
    0x080008ae   0x0000001e   Code   RO         3376    .text               mc_w.l(strncmp.o)
    0x080008cc   0x00000038   Code   RO         3643    .text               mc_w.l(__0sscanf.o)
    0x08000904   0x00000150   Code   RO         3645    .text               mc_w.l(_scanf_int.o)
    0x08000a54   0x00000020   Code   RO         3650    .text               mc_w.l(cpp_init.o)
    0x08000a74   0x000000b0   Code   RO         3652    .text               mf_w.l(fadd.o)
    0x08000b24   0x0000006c   Code   RO         3654    .text               mf_w.l(fmul.o)
    0x08000b90   0x00000080   Code   RO         3656    .text               mf_w.l(fdiv.o)
    0x08000c10   0x000000e4   Code   RO         3658    .text               mf_w.l(dmul.o)
    0x08000cf4   0x00000012   Code   RO         3660    .text               mf_w.l(fflti.o)
    0x08000d06   0x0000000a   Code   RO         3662    .text               mf_w.l(ffltui.o)
    0x08000d10   0x00000032   Code   RO         3664    .text               mf_w.l(ffixi.o)
    0x08000d42   0x00000028   Code   RO         3666    .text               mf_w.l(ffixui.o)
    0x08000d6a   0x00000026   Code   RO         3668    .text               mf_w.l(f2d.o)
    0x08000d90   0x00000028   Code   RO         3670    .text               mf_w.l(cdcmple.o)
    0x08000db8   0x00000028   Code   RO         3672    .text               mf_w.l(cdrcmple.o)
    0x08000de0   0x00000038   Code   RO         3674    .text               mf_w.l(d2f.o)
    0x08000e18   0x00000014   Code   RO         3676    .text               mf_w.l(cfcmple.o)
    0x08000e2c   0x00000014   Code   RO         3678    .text               mf_w.l(cfrcmple.o)
    0x08000e40   0x0000002c   Code   RO         3728    .text               mc_w.l(uidiv.o)
    0x08000e6c   0x00000062   Code   RO         3730    .text               mc_w.l(uldiv.o)
    0x08000ece   0x0000001c   Code   RO         3760    .text               mc_w.l(_chval.o)
    0x08000eea   0x00000002   PAD
    0x08000eec   0x00000028   Code   RO         3770    .text               mc_w.l(scanf_char.o)
    0x08000f14   0x00000040   Code   RO         3772    .text               mc_w.l(_sgetc.o)
    0x08000f54   0x00000000   Code   RO         3776    .text               mc_w.l(iusefp.o)
    0x08000f54   0x00000008   Code   RO         3779    .text               mc_w.l(cpp_dtor.o)
    0x08000f5c   0x00000002   Code   RO         3782    .text               mc_w.l(cpp_final.o)
    0x08000f5e   0x00000002   Code   RO         3787    .text               mc_w.l(cpp_signal.o)
    0x08000f60   0x0000006c   Code   RO         3792    .text               mf_w.l(fepilogue.o)
    0x08000fcc   0x000000be   Code   RO         3794    .text               mf_w.l(depilogue.o)
    0x0800108a   0x0000014e   Code   RO         3796    .text               mf_w.l(dadd.o)
    0x080011d8   0x000000de   Code   RO         3798    .text               mf_w.l(ddiv.o)
    0x080012b6   0x00000030   Code   RO         3800    .text               mf_w.l(dfixul.o)
    0x080012e6   0x00000002   PAD
    0x080012e8   0x00000024   Code   RO         3818    .text               mc_w.l(init.o)
    0x0800130c   0x0000001e   Code   RO         3820    .text               mc_w.l(llshl.o)
    0x0800132a   0x00000024   Code   RO         3822    .text               mc_w.l(llsshr.o)
    0x0800134e   0x0000000a   Code   RO         3824    .text               mc_w.l(isspace_c.o)
    0x08001358   0x0000032c   Code   RO         3832    .text               mc_w.l(_scanf.o)
    0x08001684   0x00000028   Code   RO         3843    .text               mc_w.l(ctype_c.o)
    0x080016ac   0x00000012   Code   RO         1143    i.$Sub$$main        retarget.o
    0x080016be   0x00000008   Code   RO         2764    i.<Func1>           mbed.ar(SerialBase.o)
    0x080016c6   0x00000016   Code   RO         2415    i.HAL_Delay         stm32f1xx_hal.o
    0x080016dc   0x000001dc   Code   RO         1652    i.HAL_GPIO_Init     stm32f1xx_hal_gpio.o
    0x080018b8   0x0000000c   Code   RO         2419    i.HAL_GetTick       stm32f1xx_hal.o
    0x080018c4   0x00000010   Code   RO         2420    i.HAL_IncTick       stm32f1xx_hal.o
    0x080018d4   0x00000024   Code   RO         2421    i.HAL_Init          stm32f1xx_hal.o
    0x080018f8   0x000000bc   Code   RO         2225    i.HAL_InitTick      hal_tick.o
    0x080019b4   0x00000002   Code   RO         2424    i.HAL_MspInit       stm32f1xx_hal.o
    0x080019b6   0x00000002   PAD
    0x080019b8   0x00000024   Code   RO         2051    i.HAL_NVIC_SetPriorityGrouping  stm32f1xx_hal_cortex.o
    0x080019dc   0x000002e4   Code   RO         1905    i.HAL_RCC_ClockConfig  stm32f1xx_hal_rcc_ex.o
    0x08001cc0   0x0000004c   Code   RO         2200    i.HAL_RCC_GetPCLK1Freq  stm32f1xx_hal_rcc.o
    0x08001d0c   0x0000004c   Code   RO         2201    i.HAL_RCC_GetPCLK2Freq  stm32f1xx_hal_rcc.o
    0x08001d58   0x0000009c   Code   RO         2202    i.HAL_RCC_GetSysClockFreq  stm32f1xx_hal_rcc.o
    0x08001df4   0x00000910   Code   RO         2205    i.HAL_RCC_OscConfig  stm32f1xx_hal_rcc.o
    0x08002704   0x0000002c   Code   RO         1960    i.HAL_TIMEx_PWMN_Start  stm32f1xx_hal_tim_ex.o
    0x08002730   0x00000036   Code   RO          916    i.HAL_TIM_Base_Init  stm32f1xx_hal_tim.o
    0x08002766   0x00000002   Code   RO          918    i.HAL_TIM_Base_MspInit  stm32f1xx_hal_tim.o
    0x08002768   0x0000001a   Code   RO          919    i.HAL_TIM_Base_Start  stm32f1xx_hal_tim.o
    0x08002782   0x00000036   Code   RO          966    i.HAL_TIM_OC_Start  stm32f1xx_hal_tim.o
    0x080027b8   0x00000210   Code   RO          982    i.HAL_TIM_PWM_ConfigChannel  stm32f1xx_hal_tim.o
    0x080029c8   0x00000036   Code   RO          985    i.HAL_TIM_PWM_Init  stm32f1xx_hal_tim.o
    0x080029fe   0x00000002   Code   RO          987    i.HAL_TIM_PWM_MspInit  stm32f1xx_hal_tim.o
    0x08002a00   0x00000036   Code   RO          989    i.HAL_TIM_PWM_Start  stm32f1xx_hal_tim.o
    0x08002a36   0x0000005e   Code   RO         2092    i.HAL_UART_Init     stm32f1xx_hal_uart.o
    0x08002a94   0x00000002   Code   RO         2094    i.HAL_UART_MspInit  stm32f1xx_hal_uart.o
    0x08002a96   0x00000002   PAD
    0x08002a98   0x0000006c   Code   RO         1486    i.NVIC_SetVector    cmsis_nvic.o
    0x08002b04   0x000000bc   Code   RO         1916    i.SetSysClock       system_stm32f1xx.o
    0x08002bc0   0x00000080   Code   RO         3078    i.Set_GPIO_Clock    mbed.ar(pinmap.o)
    0x08002c40   0x00000070   Code   RO         1919    i.SystemCoreClockUpdate  system_stm32f1xx.o
    0x08002cb0   0x00000070   Code   RO         1920    i.SystemInit        system_stm32f1xx.o
    0x08002d20   0x0000006c   Code   RO         1000    i.TIM_Base_SetConfig  stm32f1xx_hal_tim.o
    0x08002d8c   0x00000120   Code   RO         2110    i.UART_SetConfig    stm32f1xx_hal_uart.o
    0x08002eac   0x0000001a   Code   RO           62    i._ZN4mbed10DigitalOutC1E7PinName  main.o
    0x08002ec6   0x00000016   Code   RO           32    i._ZN4mbed10DigitalOutaSEi  main.o
    0x08002edc   0x00000030   Code   RO         1145    i._ZN4mbed10FileHandleD2Ev  retarget.o
    0x08002f0c   0x0000000e   Code   RO         2766    i._ZN4mbed10SerialBase10_base_putcEi  mbed.ar(SerialBase.o)
    0x08002f1a   0x0000002a   Code   RO         2768    i._ZN4mbed10SerialBase12_irq_handlerEj9SerialIrq  mbed.ar(SerialBase.o)
    0x08002f44   0x00000010   Code   RO         2769    i._ZN4mbed10SerialBase4baudEi  mbed.ar(SerialBase.o)
    0x08002f54   0x00000054   Code   RO         2774    i._ZN4mbed10SerialBaseC1E7PinNameS1_  mbed.ar(SerialBase.o)
    0x08002fa8   0x00000006   Code   RO         2947    i._ZN4mbed10TimerEvent3irqEj  mbed.ar(TimerEvent.o)
    0x08002fae   0x00000010   Code   RO         2948    i._ZN4mbed10TimerEvent6insertEj  mbed.ar(TimerEvent.o)
    0x08002fbe   0x0000000a   Code   RO         2949    i._ZN4mbed10TimerEvent6removeEv  mbed.ar(TimerEvent.o)
    0x08002fc8   0x00000028   Code   RO         2951    i._ZN4mbed10TimerEventC2Ev  mbed.ar(TimerEvent.o)
    0x08002ff0   0x00000018   Code   RO         2953    i._ZN4mbed10TimerEventD2Ev  mbed.ar(TimerEvent.o)
    0x08003008   0x00000042   Code   RO         2680    i._ZN4mbed11InterruptIn12_irq_handlerEj14gpio_irq_event  mbed.ar(InterruptIn.o)
    0x0800304a   0x0000001c   Code   RO         2681    i._ZN4mbed11InterruptIn4fallEPFvvE  mbed.ar(InterruptIn.o)
    0x08003066   0x00000002   PAD
    0x08003068   0x00000048   Code   RO         2685    i._ZN4mbed11InterruptInC1E7PinName  mbed.ar(InterruptIn.o)
    0x080030b0   0x00000018   Code   RO         2687    i._ZN4mbed11InterruptInD1Ev  mbed.ar(InterruptIn.o)
    0x080030c8   0x00000006   Code   RO         1146    i._ZN4mbed26mbed_set_unbuffered_streamEPSt6__FILE  retarget.o
    0x080030ce   0x0000001e   Code   RO         2914    i._ZN4mbed5Timer4stopEv  mbed.ar(Timer.o)
    0x080030ec   0x0000001a   Code   RO         2916    i._ZN4mbed5Timer5startEv  mbed.ar(Timer.o)
    0x08003106   0x0000001e   Code   RO         2921    i._ZN4mbed5TimerC1Ev  mbed.ar(Timer.o)
    0x08003124   0x00000028   Code   RO         2922    i._ZN4mbed5TimercvfEv  mbed.ar(Timer.o)
    0x0800314c   0x00000010   Code   RO           50    i._ZN4mbed6PwmOut9period_msEi  main.o
    0x0800315c   0x00000012   Code   RO           68    i._ZN4mbed6PwmOutC1E7PinName  main.o
    0x0800316e   0x00000016   Code   RO           26    i._ZN4mbed6PwmOutaSEf  main.o
    0x08003184   0x00000024   Code   RO         2722    i._ZN4mbed6SerialC1E7PinNameS1_PKc  mbed.ar(Serial.o)
    0x080031a8   0x0000000c   Code   RO         2740    i._ZN4mbed6SerialD1Ev  mbed.ar(Serial.o)
    0x080031b4   0x00000004   Code   RO         2815    i._ZN4mbed6Stream5closeEv  mbed.ar(Stream.o)
    0x080031b8   0x00000004   Code   RO         2816    i._ZN4mbed6Stream5fsyncEv  mbed.ar(Stream.o)
    0x080031bc   0x00000004   Code   RO         2817    i._ZN4mbed6Stream5lseekEli  mbed.ar(Stream.o)
    0x080031c0   0x0000002a   Code   RO         2819    i._ZN4mbed6Stream5writeEPKvj  mbed.ar(Stream.o)
    0x080031ea   0x0000001e   Code   RO         2821    i._ZN4mbed6Stream6printfEPKcz  mbed.ar(Stream.o)
    0x08003208   0x00000040   Code   RO         2822    i._ZN4mbed6StreamC2EPKc  mbed.ar(Stream.o)
    0x08003248   0x00000020   Code   RO         2824    i._ZN4mbed6StreamD2Ev  mbed.ar(Stream.o)
    0x08003268   0x00000020   Code   RO         2873    i._ZN4mbed6Ticker5setupEj  mbed.ar(Ticker.o)
    0x08003288   0x00000010   Code   RO         2874    i._ZN4mbed6Ticker6detachEv  mbed.ar(Ticker.o)
    0x08003298   0x00000034   Code   RO         2875    i._ZN4mbed6Ticker7handlerEv  mbed.ar(Ticker.o)
    0x080032cc   0x0000001c   Code   RO          533    i._ZN4mbed6Ticker9attach_usEPFvvEj  myfunctions.o
    0x080032e8   0x0000002c   Code   RO          527    i._ZN4mbed6TickerC1Ev  myfunctions.o
    0x08003314   0x00000024   Code   RO         2886    i._ZN4mbed6TickerD1Ev  mbed.ar(Ticker.o)
    0x08003338   0x0000001c   Code   RO         2896    i._ZN4mbed7Timeout7handlerEv  mbed.ar(Timeout.o)
    0x08003354   0x0000001c   Code   RO         2903    i._ZN4mbed7TimeoutD1Ev  mbed.ar(Timeout.o)
    0x08003370   0x00000004   Code   RO         3112    i._ZN4mbed8FileBase11getPathTypeEv  mbed.ar(FileBase.o)
    0x08003374   0x00000038   Code   RO         3114    i._ZN4mbed8FileBase6lookupEPKcj  mbed.ar(FileBase.o)
    0x080033ac   0x00000024   Code   RO         3116    i._ZN4mbed8FileBaseC1EPKcNS_8PathTypeE  mbed.ar(FileBase.o)
    0x080033d0   0x00000038   Code   RO         3118    i._ZN4mbed8FileBaseD1Ev  mbed.ar(FileBase.o)
    0x08003408   0x00000024   Code   RO         3089    i._ZN4mbed8FileLikeC2EPKc  mbed.ar(FileLike.o)
    0x0800342c   0x00000012   Code   RO         3091    i._ZN4mbed8FileLikeD2Ev  mbed.ar(FileLike.o)
    0x0800343e   0x00000018   Code   RO         2593    i._ZN4mbed8FilePath10fileSystemEv  mbed.ar(FilePath.o)
    0x08003456   0x0000001c   Code   RO         2595    i._ZN4mbed8FilePath4fileEv  mbed.ar(FilePath.o)
    0x08003472   0x0000000a   Code   RO         2596    i._ZN4mbed8FilePath6existsEv  mbed.ar(FilePath.o)
    0x0800347c   0x00000018   Code   RO         2597    i._ZN4mbed8FilePath6isFileEv  mbed.ar(FilePath.o)
    0x08003494   0x00000004   Code   RO         2598    i._ZN4mbed8FilePath8fileNameEv  mbed.ar(FilePath.o)
    0x08003498   0x00000040   Code   RO         2599    i._ZN4mbed8FilePathC1EPKc  mbed.ar(FilePath.o)
    0x080034d8   0x0000001a   Code   RO           56    i._ZN4mbed9DigitalInC1E7PinName  main.o
    0x080034f2   0x0000000e   Code   RO           38    i._ZN4mbed9DigitalIncviEv  main.o
    0x08003500   0x00000006   Code   RO         2724    i._ZThn84_N4mbed6Serial5_putcEi  mbed.ar(Serial.o)
    0x08003506   0x00000002   PAD
    0x08003508   0x0000001c   Code   RO         3612    i.__0fprintf        mc_w.l(printfa.o)
    0x08003524   0x00000028   Code   RO         3615    i.__0sprintf        mc_w.l(printfa.o)
    0x0800354c   0x00000018   Code   RO         3616    i.__0vfprintf       mc_w.l(printfa.o)
    0x08003564   0x00000032   Code   RO         3188    i.__aeabi_atexit    cpprt_w.l(aeabi_atexit.o)
    0x08003596   0x00000022   Code   RO         3191    i.__aeabi_vec_ctor_nocookie_nodtor  cpprt_w.l(aeabi_vec_ctor_nocookie_nodtor.o)
    0x080035b8   0x00000042   Code   RO         3696    i.__cxa_finalize    cpprt_w.l(cxa_finalize.o)
    0x080035fa   0x00000006   Code   RO         3185    i.__cxa_pure_virtual  cpprt_w.l(pure_virt.o)
    0x08003600   0x0000000e   Code   RO         3852    i.__scatterload_copy  mc_w.l(handlers.o)
    0x0800360e   0x00000002   Code   RO         3853    i.__scatterload_null  mc_w.l(handlers.o)
    0x08003610   0x0000000e   Code   RO         3854    i.__scatterload_zeroinit  mc_w.l(handlers.o)
    0x0800361e   0x00000006   Code   RO         3336    i._fclose$full      mc_w.l(fclose_f.o)
    0x08003624   0x00000028   Code   RO         3332    i._fopen$full       mc_w.l(fopen_f.o)
    0x0800364c   0x0000015c   Code   RO         3620    i._fp_digits        mc_w.l(printfa.o)
    0x080037a8   0x0000005e   Code   RO         3333    i._freopen$full     mc_w.l(fopen_f.o)
    0x08003806   0x00000002   PAD
    0x08003808   0x000006f0   Code   RO         3621    i._printf_core      mc_w.l(printfa.o)
    0x08003ef8   0x00000026   Code   RO         3622    i._printf_post_padding  mc_w.l(printfa.o)
    0x08003f1e   0x00000030   Code   RO         3623    i._printf_pre_padding  mc_w.l(printfa.o)
    0x08003f4e   0x0000000a   Code   RO         3625    i._sputc            mc_w.l(printfa.o)
    0x08003f58   0x0000002c   Code   RO         1149    i._sys_close        retarget.o
    0x08003f84   0x00000028   Code   RO         1151    i._sys_ensure       retarget.o
    0x08003fac   0x000000e4   Code   RO         1154    i._sys_open         retarget.o
    0x08004090   0x00000028   Code   RO         1156    i._sys_seek         retarget.o
    0x080040b8   0x00000060   Code   RO         1157    i._sys_write        retarget.o
    0x08004118   0x00000018   Code   RO         3142    i.error             mbed.ar(error.o)
    0x08004130   0x00000020   Code   RO         1159    i.exit              retarget.o
    0x08004150   0x00000050   Code   RO         3732    i.free              mc_w.l(malloc.o)
    0x080041a0   0x00000008   Code   RO         2998    i.get_us_ticker_data  mbed.ar(us_ticker_api.o)
    0x080041a8   0x00000050   Code   RO         3051    i.gpio_dir          mbed.ar(gpio_api.o)
    0x080041f8   0x0000003c   Code   RO         3052    i.gpio_init         mbed.ar(gpio_api.o)
    0x08004234   0x00000026   Code   RO         2983    i.gpio_init_in      mbed.ar(gpio.o)
    0x0800425a   0x00000002   PAD
    0x0800425c   0x00000044   Code   RO         2986    i.gpio_init_out     mbed.ar(gpio.o)
    0x080042a0   0x00000008   Code   RO         3019    i.gpio_irq0         mbed.ar(gpio_irq_api.o)
    0x080042a8   0x00000008   Code   RO         3020    i.gpio_irq1         mbed.ar(gpio_irq_api.o)
    0x080042b0   0x00000008   Code   RO         3021    i.gpio_irq2         mbed.ar(gpio_irq_api.o)
    0x080042b8   0x00000008   Code   RO         3022    i.gpio_irq3         mbed.ar(gpio_irq_api.o)
    0x080042c0   0x00000008   Code   RO         3023    i.gpio_irq4         mbed.ar(gpio_irq_api.o)
    0x080042c8   0x00000008   Code   RO         3024    i.gpio_irq5         mbed.ar(gpio_irq_api.o)
    0x080042d0   0x00000008   Code   RO         3025    i.gpio_irq6         mbed.ar(gpio_irq_api.o)
    0x080042d8   0x0000004c   Code   RO         3028    i.gpio_irq_free     mbed.ar(gpio_irq_api.o)
    0x08004324   0x0000014c   Code   RO         3029    i.gpio_irq_init     mbed.ar(gpio_irq_api.o)
    0x08004470   0x00000072   Code   RO         3030    i.gpio_irq_set      mbed.ar(gpio_irq_api.o)
    0x080044e2   0x00000008   Code   RO         3053    i.gpio_mode         mbed.ar(gpio_api.o)
    0x080044ea   0x00000002   PAD
    0x080044ec   0x00000080   Code   RO         3031    i.handle_interrupt_in  mbed.ar(gpio_irq_api.o)
    0x0800456c   0x0000006c   Code   RO         3733    i.malloc            mc_w.l(malloc.o)
    0x080045d8   0x00000050   Code   RO         2977    i.mbed_assert_internal  mbed.ar(assert.o)
    0x08004628   0x00000010   Code   RO         1375    i.mbed_die          board.o
    0x08004638   0x00000002   Code   RO         1160    i.mbed_main         retarget.o
    0x0800463a   0x0000000e   Code   RO         1669    i.mbed_sdk_init     mbed_overrides.o
    0x08004648   0x00000124   Code   RO         3079    i.pin_function      mbed.ar(pinmap.o)
    0x0800476c   0x00000104   Code   RO         3080    i.pin_mode          mbed.ar(pinmap.o)
    0x08004870   0x00000038   Code   RO         3151    i.pinmap_merge      mbed.ar(pinmap_common.o)
    0x080048a8   0x0000005c   Code   RO         3152    i.pinmap_peripheral  mbed.ar(pinmap_common.o)
    0x08004904   0x00000058   Code   RO         3153    i.pinmap_pinout     mbed.ar(pinmap_common.o)
    0x0800495c   0x000000b8   Code   RO         2510    i.pwmout_init       mbed.ar(pwmout_api.o)
    0x08004a14   0x0000000a   Code   RO         2512    i.pwmout_period_ms  mbed.ar(pwmout_api.o)
    0x08004a1e   0x00000002   PAD
    0x08004a20   0x00000098   Code   RO         2513    i.pwmout_period_us  mbed.ar(pwmout_api.o)
    0x08004ab8   0x000000c8   Code   RO         2518    i.pwmout_write      mbed.ar(pwmout_api.o)
    0x08004b80   0x00000044   Code   RO         2534    i.serial_baud       mbed.ar(serial_api.o)
    0x08004bc4   0x00000178   Code   RO         2541    i.serial_init       mbed.ar(serial_api.o)
    0x08004d3c   0x00000018   Code   RO         2542    i.serial_irq_handler  mbed.ar(serial_api.o)
    0x08004d54   0x0000002c   Code   RO         2545    i.serial_putc       mbed.ar(serial_api.o)
    0x08004d80   0x0000001c   Code   RO         2575    i.set_compare       mbed.ar(us_ticker.o)
    0x08004d9c   0x0000003e   Code   RO         3165    i.ticker_insert_event  mbed.ar(ticker_api.o)
    0x08004dda   0x0000004e   Code   RO         3166    i.ticker_irq_handler  mbed.ar(ticker_api.o)
    0x08004e28   0x00000006   Code   RO         3167    i.ticker_read       mbed.ar(ticker_api.o)
    0x08004e2e   0x0000003c   Code   RO         3168    i.ticker_remove_event  mbed.ar(ticker_api.o)
    0x08004e6a   0x00000012   Code   RO         3169    i.ticker_set_handler  mbed.ar(ticker_api.o)
    0x08004e7c   0x000000bc   Code   RO         2226    i.timer_irq_handler  hal_tick.o
    0x08004f38   0x00000020   Code   RO         2576    i.us_ticker_clear_interrupt  mbed.ar(us_ticker.o)
    0x08004f58   0x00000018   Code   RO         2577    i.us_ticker_disable_interrupt  mbed.ar(us_ticker.o)
    0x08004f70   0x00000018   Code   RO         2578    i.us_ticker_init    mbed.ar(us_ticker.o)
    0x08004f88   0x0000000c   Code   RO         2999    i.us_ticker_irq_handler  mbed.ar(us_ticker_api.o)
    0x08004f94   0x00000038   Code   RO         2579    i.us_ticker_read    mbed.ar(us_ticker.o)
    0x08004fcc   0x00000098   Code   RO         2580    i.us_ticker_set_interrupt  mbed.ar(us_ticker.o)
    0x08005064   0x00000024   Code   RO         3009    i.wait              mbed.ar(wait_api.o)
    0x08005088   0x0000001c   Code   RO         3010    i.wait_ms           mbed.ar(wait_api.o)
    0x080050a4   0x00000008   Code   RO           44    t._ZN4mbed19FunctionPointerArg1IvvE6attachEPFvvE  main.o
    0x080050ac   0x00000044   Data   RO            6    .constdata          main.o
    0x080050f0   0x00000042   Data   RO          509    .constdata          myfunctions.o
    0x08005132   0x00000010   Data   RO         1921    .constdata          system_stm32f1xx.o
    0x08005142   0x00000010   Data   RO         2206    .constdata          stm32f1xx_hal_rcc.o
    0x08005152   0x00000002   PAD
    0x08005154   0x00000068   Data   RO         2552    .constdata          mbed.ar(serial_api.o)
    0x080051bc   0x00000086   Data   RO         2988    .constdata          mbed.ar(gpio.o)
    0x08005242   0x00000002   PAD
    0x08005244   0x00000014   Data   RO         3000    .constdata          mbed.ar(us_ticker_api.o)
    0x08005258   0x00000008   Data   RO         3001    .constdata          mbed.ar(us_ticker_api.o)
    0x08005260   0x0000007c   Data   RO         3055    .constdata          mbed.ar(gpio_api.o)
    0x080052dc   0x0000012c   Data   RO         3067    .constdata          mbed.ar(PeripheralPins.o)
    0x08005408   0x00000048   Data   RO         3068    .constdata          mbed.ar(PeripheralPins.o)
    0x08005450   0x00000048   Data   RO         3069    .constdata          mbed.ar(PeripheralPins.o)
    0x08005498   0x000000bc   Data   RO         3081    .constdata          mbed.ar(pinmap.o)
    0x08005554   0x00000040   Data   RO         3844    .constdata          mc_w.l(ctype_c.o)
    0x08005594   0x0000002c   Data   RO         1255    .constdata__ZTVN4mbed10FileHandleE  retarget.o
    0x080055c0   0x00000010   Data   RO         2800    .constdata__ZTVN4mbed10SerialBaseE  mbed.ar(SerialBase.o)
    0x080055d0   0x00000014   Data   RO         2972    .constdata__ZTVN4mbed10TimerEventE  mbed.ar(TimerEvent.o)
    0x080055e4   0x00000010   Data   RO         2715    .constdata__ZTVN4mbed11InterruptInE  mbed.ar(InterruptIn.o)
    0x080055f4   0x0000005c   Data   RO         2738    .constdata__ZTVN4mbed6SerialE  mbed.ar(Serial.o)
    0x08005650   0x00000044   Data   RO         2868    .constdata__ZTVN4mbed6StreamE  mbed.ar(Stream.o)
    0x08005694   0x00000014   Data   RO         2885    .constdata__ZTVN4mbed6TickerE  mbed.ar(Ticker.o)
    0x080056a8   0x00000014   Data   RO         2902    .constdata__ZTVN4mbed7TimeoutE  mbed.ar(Timeout.o)
    0x080056bc   0x00000010   Data   RO         3137    .constdata__ZTVN4mbed8FileBaseE  mbed.ar(FileBase.o)
    0x080056cc   0x0000003c   Data   RO         3107    .constdata__ZTVN4mbed8FileLikeE  mbed.ar(FileLike.o)
    0x08005708   0x00000020   Data   RO         3851    Region$$Table       anon$$obj.o
    0x08005728   0x00000004   Data   RO            8    .init_array         main.o
    0x0800572c   0x00000004   Data   RO          510    .init_array         myfunctions.o


    Execution Region RW_IRAM1 (Base: 0x200000ec, Size: 0x000012a4, Max: 0x00004f14, ABSOLUTE)

    Base Addr    Size         Type   Attr      Idx    E Section Name        Object

    0x200000ec   0x00000030   Data   RW            7    .data               main.o
    0x2000011c   0x00000004   Data   RW         1205    .data               retarget.o
    0x20000120   0x00000004   Data   RW         1922    .data               system_stm32f1xx.o
    0x20000124   0x00000004   Data   RW         2228    .data               hal_tick.o
    0x20000128   0x00000004   Data   RW         2427    .data               stm32f1xx_hal.o
    0x2000012c   0x00000008   Data   RW         2553    .data               mbed.ar(serial_api.o)
    0x20000134   0x00000010   Data   RW         2582    .data               mbed.ar(us_ticker.o)
    0x20000144   0x00000008   Data   RW         3002    .data               mbed.ar(us_ticker_api.o)
    0x2000014c   0x00000044   Data   RW         3033    .data               mbed.ar(gpio_irq_api.o)
    0x20000190   0x00000004   Data   RW         3126    .data               mbed.ar(FileBase.o)
    0x20000194   0x00000004   Data   RW         3780    .data               mc_w.l(cpp_dtor.o)
    0x20000198   0x00000004   Data   RW         3830    .data               mc_w.l(mvars.o)
    0x2000019c   0x00000004   Data   RW         3831    .data               mc_w.l(mvars.o)
    0x200001a0   0x000009f8   Zero   RW            5    .bss                main.o
    0x20000b98   0x00000060   Zero   RW          508    .bss                myfunctions.o
    0x20000bf8   0x00000040   Zero   RW         1201    .bss                retarget.o
    0x20000c38   0x0000003c   Zero   RW         2227    .bss                hal_tick.o
    0x20000c74   0x0000003c   Zero   RW         2519    .bss                mbed.ar(pwmout_api.o)
    0x20000cb0   0x00000068   Zero   RW         2551    .bss                mbed.ar(serial_api.o)
    0x20000d18   0x0000003c   Zero   RW         2581    .bss                mbed.ar(us_ticker.o)
    0x20000d54   0x00000214   Zero   RW         3032    .bss                mbed.ar(gpio_irq_api.o)
    0x20000f68   0x00000014   Zero   RW         3362    .bss                mc_w.l(stdout_f.o)
    0x20000f7c   0x00000014   Zero   RW         3363    .bss                mc_w.l(stderr_f.o)
    0x20000f90   0x00000400   Zero   RW         1726    HEAP                startup_stm32f103xb.o


==============================================================================

Image component sizes


      Code (inc. data)   RO Data    RW Data    ZI Data      Debug   Object Name

        16          0          0          0          0         72   board.o
       108          6          0          0          0         84   cmsis_nvic.o
       376         60          0          4         60        164   hal_tick.o
      1508        220         72         48       2552     203101   main.o
        14          0          0          0          0         80   mbed_overrides.o
       352         60         70          0         96      10569   myfunctions.o
       554         62         44          4         64        756   retarget.o
        36          8        236          0       1024        228   startup_stm32f103xb.o
        88         16          0          4          0        360   stm32f1xx_hal.o
        36          6          0          0          0         68   stm32f1xx_hal_cortex.o
       476         22          0          0          0         92   stm32f1xx_hal_gpio.o
      2628         84         16          0          0        336   stm32f1xx_hal_rcc.o
       740         10          0          0          0         88   stm32f1xx_hal_rcc_ex.o
       882         18          0          0          0        660   stm32f1xx_hal_tim.o
        44          0          0          0          0         68   stm32f1xx_hal_tim_ex.o
       384          4          0          0          0        232   stm32f1xx_hal_uart.o
       412         42         16          4          0        252   system_stm32f1xx.o

    ----------------------------------------------------------------------
      8658        618        488         64       3796     217210   Object Totals
         0          0         32          0          0          0   (incl. Generated)
         4          0          2          0          0          0   (incl. Padding)

    ----------------------------------------------------------------------

      Code (inc. data)   RO Data    RW Data    ZI Data      Debug   Library Member Name

        50          0          0          0          0         84   aeabi_atexit.o
        34          0          0          0          0         84   aeabi_vec_ctor_nocookie_nodtor.o
        66          0          0          0          0         84   cxa_finalize.o
         6          0          0          0          0         68   pure_virt.o
       152         24         16          4          0        284   FileBase.o
        54         10         60          0          0        156   FileLike.o
       154          0          0          0          0        440   FilePath.o
       190         14         16          0          0        292   InterruptIn.o
         0          0        444          0          0          0   PeripheralPins.o
        54          4         92          0          0        220   Serial.o
       164         12         16          0          0        372   SerialBase.o
       180         16         68          0          0        540   Stream.o
       136          6         20          0          0        332   Ticker.o
        56          4         20          0          0        148   Timeout.o
       126          4          0          0          0        312   Timer.o
        96         12         20          0          0        356   TimerEvent.o
        80         56          0          0          0         80   assert.o
        24          4          0          0          0         80   error.o
       106          4        134          0          0        176   gpio.o
       148         28        124          0          0        244   gpio_api.o
       706        118          0         68        532        820   gpio_irq_api.o
       680         94        188          0          0        268   pinmap.o
       236         78          0          0          0        240   pinmap_common.o
       546        106          0          0         60        336   pwmout_api.o
       512         84        104          8        104        292   serial_api.o
       224          0          0          0          0        392   ticker_api.o
       316         60          0         16         60        440   us_ticker.o
        20         10         28          8          0        136   us_ticker_api.o
        64          4          0          0          0        160   wait_api.o
        56          8          0          0          0         84   __0sscanf.o
        28          0          0          0          0         68   _chval.o
       812          6          0          0          0        112   _scanf.o
       336          0          0          0          0         96   _scanf_int.o
        64          0          0          0          0         84   _sgetc.o
         8          4          0          4          0         68   cpp_dtor.o
         2          0          0          0          0         68   cpp_final.o
        32         10          0          0          0         80   cpp_init.o
         2          0          0          0          0         68   cpp_signal.o
        40          6         64          0          0         68   ctype_c.o
         0          0          0          0          0          0   entry.o
         0          0          0          0          0          0   entry10a.o
         0          0          0          0          0          0   entry11a.o
         8          4          0          0          0          0   entry2.o
         4          0          0          0          0          0   entry5.o
         4          0          0          0          0          0   entry6b.o
         0          0          0          0          0          0   entry7b.o
         4          0          0          0          0          0   entry8a.o
         0          0          0          0          0          0   entry8b.o
         8          4          0          0          0          0   entry9a.o
         6          0          0          0          0         68   fclose_f.o
        38          0          0          0          0         80   fflush_fe.o
       134          0          0          0          0        172   fopen_f.o
        40          0          0          0          0         80   fputc_fp.o
        30          0          0          0          0          0   handlers.o
        36          8          0          0          0         68   init.o
        32         12          0          0          0         72   initio_oe.o
        10          0          0          0          0         68   isspace_c.o
         0          0          0          0          0          0   iusefp.o
        30          0          0          0          0         68   llshl.o
        36          0          0          0          0         68   llsshr.o
        32          0          0          0          0         68   llushr.o
       188         20          0          0          0        160   malloc.o
        64          0          0          0          0         76   memmovea.o
        36          0          0          0          0        108   memseta.o
         0          0          0          8          0          0   mvars.o
      2312         96          0          0          0        676   printfa.o
        40          8          0          0          0         84   scanf_char.o
         2          0          0          0          0         68   setbuf.o
         0          0          0          0         20          0   stderr_f.o
         0          0          0          0         20          0   stdout_f.o
        28          0          0          0          0         76   strcmp.o
        14          0          0          0          0         68   strlen.o
        30          0          0          0          0         80   strncmp.o
        44          0          0          0          0         80   uidiv.o
        98          0          0          0          0         92   uldiv.o
        40          2          0          0          0         68   cdcmple.o
        40          2          0          0          0         68   cdrcmple.o
        20          0          0          0          0         68   cfcmple.o
        20          0          0          0          0         68   cfrcmple.o
        56          0          0          0          0         88   d2f.o
       334          0          0          0          0        148   dadd.o
       222          0          0          0          0        100   ddiv.o
       190          0          0          0          0        176   depilogue.o
        48          0          0          0          0         68   dfixul.o
       228          0          0          0          0         96   dmul.o
        38          0          0          0          0         68   f2d.o
       176          0          0          0          0        140   fadd.o
       128          0          0          0          0         88   fdiv.o
       108          0          0          0          0        168   fepilogue.o
        50          0          0          0          0         68   ffixi.o
        40          0          0          0          0         68   ffixui.o
        18          0          0          0          0         68   fflti.o
        10          0          0          0          0         68   ffltui.o
       108          0          0          0          0         76   fmul.o

    ----------------------------------------------------------------------
     11758        942       1416        116        796      12372   Library Totals
        16          0          2          0          0          0   (incl. Padding)

    ----------------------------------------------------------------------

      Code (inc. data)   RO Data    RW Data    ZI Data      Debug   Library Name

       156          0          0          0          0        320   cpprt_w.l
      5024        752       1350        104        756       7116   mbed.ar
      4688        186         64         12         40       3176   mc_w.l
      1874          4          0          0          0       1760   mf_w.l

    ----------------------------------------------------------------------
     11758        942       1416        116        796      12372   Library Totals

    ----------------------------------------------------------------------

==============================================================================


      Code (inc. data)   RO Data    RW Data    ZI Data      Debug   

     20416       1560       1904        180       4592     218818   Grand Totals
     20416       1560       1904        180       4592     218818   ELF Image Totals
     20416       1560       1904        180          0          0   ROM Totals

==============================================================================

    Total RO  Size (Code + RO Data)                22320 (  21.80kB)
    Total RW  Size (RW Data + ZI Data)              4772 (   4.66kB)
    Total ROM Size (Code + RO Data + RW Data)      22500 (  21.97kB)

==============================================================================

