<html>
<body>
<pre>
<h1>µVision Build Log</h1>
<h2>Project:</h2>
C:\Users\Stephen\Documents\Keil\testF103\Example1\MazeSolver\Example1.uvproj
Project File Date:  05/24/2015

<h2>Output:</h2>
Build target 'mbed NUCLEO_F103RB'
compiling main.cpp...
main.cpp(178): warning:  #1-D: last line of file ends without a newline
  //PB_12 may not work - had 7.4V through it!
main.cpp: 1 warning, 0 errors
linking...
Program Size: Code=20416 RO-data=1904 RW-data=180 ZI-data=4592  
After Build - User command #1: fromelf --bin -o build\Example1_NUCLEO_F103RB.bin build\Example1.axf
".\build\Example1.axf" - 0 Error(s), 1 Warning(s).
Load "C:\\Users\\Stephen\\Documents\\Keil\\testF103\\Example1\\MazeSolver\\build\\Example1.axf" 
Erase Done.
Programming Done.
Verify OK.
Application running ...
</pre>
</body>
</html>
